<html>
<body>
<pre>
<h1>礦ision Build Log</h1>
<h2>Tool Versions:</h2>
IDE-Version: μVision V5.24.2.0
Copyright (C) 2017 ARM Ltd and ARM Germany GmbH. All rights reserved.
License Information:  ,  , LIC=UJWP0-B4QB8-GKRBG-VHDXX-L82H0-Y0FNI
 
Tool Versions:
Toolchain:       MDK-ARM Plus  Version: 5.24.1
Toolchain Path:  D:\Installation\Keil u4\ARM\ARMCC\Bin
C Compiler:      Armcc.exe V5.06 update 5 (build 528)
Assembler:       Armasm.exe V5.06 update 5 (build 528)
Linker/Locator:  ArmLink.exe V5.06 update 5 (build 528)
Library Manager: ArmAr.exe V5.06 update 5 (build 528)
Hex Converter:   FromElf.exe V5.06 update 5 (build 528)
CPU DLL:         SARMCM3.DLL V5.24.1
Dialog DLL:      DARMSTM.DLL V1.68.0.0
Target DLL:      CMSIS_AGDI.dll V1.28.3.0
Dialog DLL:      TARMSTM.DLL V1.66.0.0
 
<h2>Project:</h2>
D:\Study\Quad_rotors\参考例程和库文件\实验24 24L01无线通信实验\USER\24L01.uvprojx
Project File Date:  04/18/2022

<h2>Output:</h2>
*** Using Compiler 'V5.06 update 5 (build 528)', folder: 'D:\Installation\Keil u4\ARM\ARMCC\Bin'
Rebuild target 'Target 1'
compiling stm32f10x_it.c...
compiling spi.c...
compiling system_stm32f10x.c...
compiling led.c...
compiling key.c...
compiling 24l01.c...
compiling main.c...
main.c(48): warning:  #167-D: argument of type "u8 *" is incompatible with parameter of type "const char *restrict"
  				printf(tmp_buf);    
main.c(16): warning:  #177-D: variable "key"  was declared but never referenced
  	u8 key,mode;
main.c(16): warning:  #177-D: variable "mode"  was declared but never referenced
  	u8 key,mode;
main.c: 3 warnings, 0 errors
assembling startup_stm32f10x_hd.s...
compiling core_cm3.c...
compiling usart.c...
compiling delay.c...
compiling sys.c...
compiling stm32f10x_gpio.c...
compiling lcd.c...
compiling stm32f10x_rcc.c...
compiling stm32f10x_usart.c...
compiling misc.c...
compiling stm32f10x_spi.c...
linking...
Program Size: Code=7008 RO-data=348 RW-data=56 ZI-data=1856  
FromELF: creating hex file...
"..\OBJ\24L01.axf" - 0 Error(s), 3 Warning(s).

<h2>Software Packages used:</h2>

Package Vendor: Keil
                http://www.keil.com/pack/Keil.STM32F1xx_DFP.2.2.0.pack
                Keil.STM32F1xx_DFP.2.2.0
                STMicroelectronics STM32F1 Series Device Support, Drivers and Examples

<h2>Collection of Component include folders:</h2>
  .\RTE\_Target_1
  D:\Installation\Keil u4\ARM\PACK\Keil\STM32F1xx_DFP\2.2.0\Device\Include

<h2>Collection of Component Files used:</h2>
Build Time Elapsed:  00:00:03
</pre>
</body>
</html>
