Component: ARM Compiler 5.06 update 5 (build 528) Tool: armlink [4d35e2]

==============================================================================

Section Cross References

    startup_stm32f10x_xl.o(RESET) refers to startup_stm32f10x_xl.o(STACK) for __initial_sp
    startup_stm32f10x_xl.o(RESET) refers to startup_stm32f10x_xl.o(.text) for Reset_Handler
    startup_stm32f10x_xl.o(RESET) refers to stm32f10x_it.o(i.NMI_Handler) for NMI_Handler
    startup_stm32f10x_xl.o(RESET) refers to stm32f10x_it.o(i.HardFault_Handler) for HardFault_Handler
    startup_stm32f10x_xl.o(RESET) refers to stm32f10x_it.o(i.MemManage_Handler) for MemManage_Handler
    startup_stm32f10x_xl.o(RESET) refers to stm32f10x_it.o(i.BusFault_Handler) for BusFault_Handler
    startup_stm32f10x_xl.o(RESET) refers to stm32f10x_it.o(i.UsageFault_Handler) for UsageFault_Handler
    startup_stm32f10x_xl.o(RESET) refers to stm32f10x_it.o(i.DebugMon_Handler) for DebugMon_Handler
    startup_stm32f10x_xl.o(RESET) refers to stm32f10x_it.o(i.SysTick_Handler) for SysTick_Handler
    startup_stm32f10x_xl.o(RESET) refers to usart.o(i.USART1_IRQHandler) for USART1_IRQHandler
    startup_stm32f10x_xl.o(.text) refers to system_stm32f10x.o(i.SystemInit) for SystemInit
    startup_stm32f10x_xl.o(.text) refers to entry.o(.ARM.Collect$$$$00000000) for __main
    system_stm32f10x.o(i.SetSysClock) refers to system_stm32f10x.o(i.SetSysClockTo72) for SetSysClockTo72
    system_stm32f10x.o(i.SystemCoreClockUpdate) refers to system_stm32f10x.o(.data) for SystemCoreClock
    system_stm32f10x.o(i.SystemInit) refers to system_stm32f10x.o(i.SetSysClock) for SetSysClock
    stm32f10x_adc.o(i.ADC_DeInit) refers to stm32f10x_rcc.o(i.RCC_APB2PeriphResetCmd) for RCC_APB2PeriphResetCmd
    stm32f10x_bkp.o(i.BKP_DeInit) refers to stm32f10x_rcc.o(i.RCC_BackupResetCmd) for RCC_BackupResetCmd
    stm32f10x_can.o(i.CAN_DeInit) refers to stm32f10x_rcc.o(i.RCC_APB1PeriphResetCmd) for RCC_APB1PeriphResetCmd
    stm32f10x_can.o(i.CAN_GetITStatus) refers to stm32f10x_can.o(i.CheckITStatus) for CheckITStatus
    stm32f10x_cec.o(i.CEC_DeInit) refers to stm32f10x_rcc.o(i.RCC_APB1PeriphResetCmd) for RCC_APB1PeriphResetCmd
    stm32f10x_dac.o(i.DAC_DeInit) refers to stm32f10x_rcc.o(i.RCC_APB1PeriphResetCmd) for RCC_APB1PeriphResetCmd
    stm32f10x_flash.o(i.FLASH_EnableWriteProtection) refers to stm32f10x_flash.o(i.FLASH_WaitForLastOperation) for FLASH_WaitForLastOperation
    stm32f10x_flash.o(i.FLASH_EraseAllBank1Pages) refers to stm32f10x_flash.o(i.FLASH_WaitForLastBank1Operation) for FLASH_WaitForLastBank1Operation
    stm32f10x_flash.o(i.FLASH_EraseAllPages) refers to stm32f10x_flash.o(i.FLASH_WaitForLastOperation) for FLASH_WaitForLastOperation
    stm32f10x_flash.o(i.FLASH_EraseOptionBytes) refers to stm32f10x_flash.o(i.FLASH_GetReadOutProtectionStatus) for FLASH_GetReadOutProtectionStatus
    stm32f10x_flash.o(i.FLASH_EraseOptionBytes) refers to stm32f10x_flash.o(i.FLASH_WaitForLastOperation) for FLASH_WaitForLastOperation
    stm32f10x_flash.o(i.FLASH_ErasePage) refers to stm32f10x_flash.o(i.FLASH_WaitForLastOperation) for FLASH_WaitForLastOperation
    stm32f10x_flash.o(i.FLASH_ProgramHalfWord) refers to stm32f10x_flash.o(i.FLASH_WaitForLastOperation) for FLASH_WaitForLastOperation
    stm32f10x_flash.o(i.FLASH_ProgramOptionByteData) refers to stm32f10x_flash.o(i.FLASH_WaitForLastOperation) for FLASH_WaitForLastOperation
    stm32f10x_flash.o(i.FLASH_ProgramWord) refers to stm32f10x_flash.o(i.FLASH_WaitForLastOperation) for FLASH_WaitForLastOperation
    stm32f10x_flash.o(i.FLASH_ReadOutProtection) refers to stm32f10x_flash.o(i.FLASH_WaitForLastOperation) for FLASH_WaitForLastOperation
    stm32f10x_flash.o(i.FLASH_UserOptionByteConfig) refers to stm32f10x_flash.o(i.FLASH_WaitForLastOperation) for FLASH_WaitForLastOperation
    stm32f10x_flash.o(i.FLASH_WaitForLastBank1Operation) refers to stm32f10x_flash.o(i.FLASH_GetBank1Status) for FLASH_GetBank1Status
    stm32f10x_flash.o(i.FLASH_WaitForLastOperation) refers to stm32f10x_flash.o(i.FLASH_GetBank1Status) for FLASH_GetBank1Status
    stm32f10x_gpio.o(i.GPIO_AFIODeInit) refers to stm32f10x_rcc.o(i.RCC_APB2PeriphResetCmd) for RCC_APB2PeriphResetCmd
    stm32f10x_gpio.o(i.GPIO_DeInit) refers to stm32f10x_rcc.o(i.RCC_APB2PeriphResetCmd) for RCC_APB2PeriphResetCmd
    stm32f10x_i2c.o(i.I2C_DeInit) refers to stm32f10x_rcc.o(i.RCC_APB1PeriphResetCmd) for RCC_APB1PeriphResetCmd
    stm32f10x_i2c.o(i.I2C_Init) refers to stm32f10x_rcc.o(i.RCC_GetClocksFreq) for RCC_GetClocksFreq
    stm32f10x_pwr.o(i.PWR_DeInit) refers to stm32f10x_rcc.o(i.RCC_APB1PeriphResetCmd) for RCC_APB1PeriphResetCmd
    stm32f10x_rcc.o(i.RCC_GetClocksFreq) refers to stm32f10x_rcc.o(.data) for APBAHBPrescTable
    stm32f10x_rcc.o(i.RCC_WaitForHSEStartUp) refers to stm32f10x_rcc.o(i.RCC_GetFlagStatus) for RCC_GetFlagStatus
    stm32f10x_rtc.o(i.RTC_SetAlarm) refers to stm32f10x_rtc.o(i.RTC_EnterConfigMode) for RTC_EnterConfigMode
[...]
    RESET                                    0x08000000   Section      304  startup_stm32f10x_xl.o(RESET)
    .ARM.Collect$$$$00000000                 0x08000130   Section        0  entry.o(.ARM.Collect$$$$00000000)
    .ARM.Collect$$$$00000001                 0x08000130   Section        4  entry2.o(.ARM.Collect$$$$00000001)
    .ARM.Collect$$$$00000004                 0x08000134   Section        4  entry5.o(.ARM.Collect$$$$00000004)
    .ARM.Collect$$$$00000008                 0x08000138   Section        0  entry7b.o(.ARM.Collect$$$$00000008)
    .ARM.Collect$$$$0000000A                 0x08000138   Section        0  entry8b.o(.ARM.Collect$$$$0000000A)
    .ARM.Collect$$$$0000000B                 0x08000138   Section        8  entry9a.o(.ARM.Collect$$$$0000000B)
    .ARM.Collect$$$$0000000D                 0x08000140   Section        0  entry10a.o(.ARM.Collect$$$$0000000D)
    .ARM.Collect$$$$0000000F                 0x08000140   Section        0  entry11a.o(.ARM.Collect$$$$0000000F)
    .ARM.Collect$$$$00002712                 0x08000140   Section        4  entry2.o(.ARM.Collect$$$$00002712)
    __lit__00000000                          0x08000140   Data           4  entry2.o(.ARM.Collect$$$$00002712)
    .text                                    0x08000144   Section       36  startup_stm32f10x_xl.o(.text)
    .text                                    0x08000168   Section        0  ldiv.o(.text)
    .text                                    0x080001ca   Section        0  memseta.o(.text)
    .text                                    0x080001ee   Section        0  memcmp.o(.text)
    .text                                    0x08000208   Section        0  fadd.o(.text)
    .text                                    0x080002b8   Section        0  fmul.o(.text)
    .text                                    0x0800031c   Section        0  fdiv.o(.text)
    .text                                    0x08000398   Section        0  dadd.o(.text)
    .text                                    0x080004e6   Section        0  dmul.o(.text)
    .text                                    0x080005ca   Section        0  ddiv.o(.text)
    .text                                    0x080006a8   Section        0  fflti.o(.text)
    .text                                    0x080006ba   Section        0  ffltui.o(.text)
    .text                                    0x080006c4   Section        0  dflti.o(.text)
    .text                                    0x080006e6   Section        0  ffixi.o(.text)
    .text                                    0x08000718   Section        0  ffixui.o(.text)
    .text                                    0x08000740   Section        0  f2d.o(.text)
    .text                                    0x08000768   Section       48  cdrcmple.o(.text)
    .text                                    0x08000798   Section        0  d2f.o(.text)
    .text                                    0x080007d0   Section       20  cfcmple.o(.text)
    .text                                    0x080007e4   Section       20  cfrcmple.o(.text)
    .text                                    0x080007f8   Section        0  uldiv.o(.text)
    .text                                    0x0800085a   Section        0  llshl.o(.text)
    .text                                    0x08000878   Section        0  llushr.o(.text)
    .text                                    0x08000898   Section        0  llsshr.o(.text)
    .text                                    0x080008bc   Section        0  fepilogue.o(.text)
    .text                                    0x080008bc   Section        0  iusefp.o(.text)
    .text                                    0x0800092a   Section        0  depilogue.o(.text)
    .text                                    0x080009e4   Section        0  dscalb.o(.text)
    .text                                    0x08000a14   Section       36  init.o(.text)
    .text                                    0x08000a38   Section        0  dsqrt.o(.text)
    i.AngleControl                           0x08000adc   Section        0  motion_control.o(i.AngleControl)
    i.BusFault_Handler                       0x08000c10   Section        0  stm32f10x_it.o(i.BusFault_Handler)
    i.DebugMon_Handler                       0x08000c14   Section        0  stm32f10x_it.o(i.DebugMon_Handler)
    i.Delayms                                0x08000c16   Section        0  mpu9250.o(i.Delayms)
    i.ExpectAngleUpdate                      0x08000c38   Section        0  motion_control.o(i.ExpectAngleUpdate)
    i.GPIO_Init                              0x08000dcc   Section        0  stm32f10x_gpio.o(i.GPIO_Init)
    i.GPIO_ResetBits                         0x08000ee2   Section        0  stm32f10x_gpio.o(i.GPIO_ResetBits)
    i.GPIO_SetBits                           0x08000ee6   Section        0  stm32f10x_gpio.o(i.GPIO_SetBits)
    i.GyroControl                            0x08000eec   Section        0  motion_control.o(i.GyroControl)
    i.HardFault_Handler                      0x08001058   Section        0  stm32f10x_it.o(i.HardFault_Handler)
    i.I2C_Ack                                0x0800105c   Section        0  stm32_iic.o(i.I2C_Ack)
    I2C_Ack                                  0x0800105d   Thumb Code    46  stm32_iic.o(i.I2C_Ack)
    i.I2C_NoAck                              0x08001090   Section        0  stm32_iic.o(i.I2C_NoAck)
    I2C_NoAck                                0x08001091   Thumb Code    48  stm32_iic.o(i.I2C_NoAck)
    i.I2C_ReceiveByte                        0x080010c4   Section        0  stm32_iic.o(i.I2C_ReceiveByte)
    I2C_ReceiveByte                          0x080010c5   Thumb Code    78  stm32_iic.o(i.I2C_ReceiveByte)
    i.I2C_SendByte                           0x08001118   Section        0  stm32_iic.o(i.I2C_SendByte)
    I2C_SendByte                             0x08001119   Thumb Code    78  stm32_iic.o(i.I2C_SendByte)
    i.I2C_Start                              0x0800116c   Section        0  stm32_iic.o(i.I2C_Start)
    I2C_Start                                0x0800116d   Thumb Code    84  stm32_iic.o(i.I2C_Start)
    i.I2C_Stop                               0x080011c4   Section        0  stm32_iic.o(i.I2C_Stop)
    I2C_Stop                                 0x080011c5   Thumb Code    48  stm32_iic.o(i.I2C_Stop)
    i.I2C_WaitAck                            0x080011f8   Section        0  stm32_iic.o(i.I2C_WaitAck)
    I2C_WaitAck                              0x080011f9   Thumb Code    68  stm32_iic.o(i.I2C_WaitAck)
    i.I2C_delay                              0x08001240   Section        0  stm32_iic.o(i.I2C_delay)
    I2C_delay                                0x08001241   Thumb Code    22  stm32_iic.o(i.I2C_delay)
    i.Led_Init                               0x08001258   Section        0  led.o(i.Led_Init)
    i.Led_Off                                0x08001284   Section        0  led.o(i.Led_Off)
    i.Led_On                                 0x08001294   Section        0  led.o(i.Led_On)
    i.Limit_Amplitude                        0x080012a4   Section        0  motion_control.o(i.Limit_Amplitude)
    i.Median                                 0x080012bc   Section        0  motion_control.o(i.Median)
    i.MemManage_Handler                      0x0800131c   Section        0  stm32f10x_it.o(i.MemManage_Handler)
    i.Motion_Init                            0x08001320   Section        0  motion_control.o(i.Motion_Init)
    i.Motor_B                                0x0800153c   Section        0  motion_control.o(i.Motor_B)
    i.Motor_F                                0x08001554   Section        0  motion_control.o(i.Motor_F)
    i.Motor_L                                0x0800156c   Section        0  motion_control.o(i.Motor_L)
    i.Motor_R                                0x08001584   Section        0  motion_control.o(i.Motor_R)
    i.Move                                   0x0800159c   Section        0  motion_control.o(i.Move)
    i.Mpu_Init                               0x08001628   Section        0  mpu9250.o(i.Mpu_Init)
    i.NMI_Handler                            0x08001688   Section        0  stm32f10x_it.o(i.NMI_Handler)
    i.NRF24L01_Check                         0x0800168c   Section        0  nrf24l01.o(i.NRF24L01_Check)
    i.NRF24L01_Init                          0x080016dc   Section        0  nrf24l01.o(i.NRF24L01_Init)
    i.NRF24L01_RX_Mode                       0x080017b4   Section        0  nrf24l01.o(i.NRF24L01_RX_Mode)
    i.NRF24L01_Read_Buf                      0x0800180c   Section        0  nrf24l01.o(i.NRF24L01_Read_Buf)
    i.NRF24L01_Read_Reg                      0x08001848   Section        0  nrf24l01.o(i.NRF24L01_Read_Reg)
    i.NRF24L01_RxPacket                      0x08001874   Section        0  nrf24l01.o(i.NRF24L01_RxPacket)
    i.NRF24L01_Write_Buf                     0x080018b0   Section        0  nrf24l01.o(i.NRF24L01_Write_Buf)
    i.NRF24L01_Write_Reg                     0x080018ec   Section        0  nrf24l01.o(i.NRF24L01_Write_Reg)
    i.NVIC_Init                              0x0800191c   Section        0  misc.o(i.NVIC_Init)
    i.NVIC_PriorityGroupConfig               0x0800198c   Section        0  misc.o(i.NVIC_PriorityGroupConfig)
    i.RCC_APB1PeriphClockCmd                 0x080019a0   Section        0  stm32f10x_rcc.o(i.RCC_APB1PeriphClockCmd)
    i.RCC_APB2PeriphClockCmd                 0x080019c0   Section        0  stm32f10x_rcc.o(i.RCC_APB2PeriphClockCmd)
    i.RCC_GetClocksFreq                      0x080019e0   Section        0  stm32f10x_rcc.o(i.RCC_GetClocksFreq)
    i.Remote_Resolve                         0x08001ab4   Section        0  motion_control.o(i.Remote_Resolve)
    i.SPI1_Init                              0x08001c20   Section        0  spi.o(i.SPI1_Init)
    i.SPI1_ReadWriteByte                     0x08001c98   Section        0  spi.o(i.SPI1_ReadWriteByte)
    i.SPI1_SetSpeed                          0x08001cec   Section        0  spi.o(i.SPI1_SetSpeed)
    i.SPI_Cmd                                0x08001d14   Section        0  stm32f10x_spi.o(i.SPI_Cmd)
    i.SPI_I2S_GetFlagStatus                  0x08001d2c   Section        0  stm32f10x_spi.o(i.SPI_I2S_GetFlagStatus)
    i.SPI_I2S_ReceiveData                    0x08001d3e   Section        0  stm32f10x_spi.o(i.SPI_I2S_ReceiveData)
    i.SPI_I2S_SendData                       0x08001d44   Section        0  stm32f10x_spi.o(i.SPI_I2S_SendData)
    i.SPI_Init                               0x08001d48   Section        0  stm32f10x_spi.o(i.SPI_Init)
    i.SetSysClock                            0x08001d84   Section        0  system_stm32f10x.o(i.SetSysClock)
    SetSysClock                              0x08001d85   Thumb Code     8  system_stm32f10x.o(i.SetSysClock)
    i.SetSysClockTo72                        0x08001d8c   Section        0  system_stm32f10x.o(i.SetSysClockTo72)
    SetSysClockTo72                          0x08001d8d   Thumb Code   214  system_stm32f10x.o(i.SetSysClockTo72)
    i.SysTick_CLKSourceConfig                0x08001e6c   Section        0  misc.o(i.SysTick_CLKSourceConfig)
    i.SysTick_Handler                        0x08001e94   Section        0  stm32f10x_it.o(i.SysTick_Handler)
    i.SystemInit                             0x08001e98   Section        0  system_stm32f10x.o(i.SystemInit)
    i.TIM_ARRPreloadConfig                   0x08001ef8   Section        0  stm32f10x_tim.o(i.TIM_ARRPreloadConfig)
    i.TIM_Cmd                                0x08001f10   Section        0  stm32f10x_tim.o(i.TIM_Cmd)
    i.TIM_CtrlPWMOutputs                     0x08001f28   Section        0  stm32f10x_tim.o(i.TIM_CtrlPWMOutputs)
    i.TIM_OC1Init                            0x08001f48   Section        0  stm32f10x_tim.o(i.TIM_OC1Init)
    i.TIM_OC1PreloadConfig                   0x08001fe0   Section        0  stm32f10x_tim.o(i.TIM_OC1PreloadConfig)
    i.TIM_OC2Init                            0x08001ff4   Section        0  stm32f10x_tim.o(i.TIM_OC2Init)
    i.TIM_OC2PreloadConfig                   0x08002098   Section        0  stm32f10x_tim.o(i.TIM_OC2PreloadConfig)
    i.TIM_OC3Init                            0x080020b4   Section        0  stm32f10x_tim.o(i.TIM_OC3Init)
    i.TIM_OC3PreloadConfig                   0x08002154   Section        0  stm32f10x_tim.o(i.TIM_OC3PreloadConfig)
    i.TIM_OC4Init                            0x08002168   Section        0  stm32f10x_tim.o(i.TIM_OC4Init)
    i.TIM_OC4PreloadConfig                   0x080021e4   Section        0  stm32f10x_tim.o(i.TIM_OC4PreloadConfig)
    i.TIM_PWM_Init                           0x08002200   Section        0  pwm.o(i.TIM_PWM_Init)
    i.TIM_SetCompare1                        0x080022cc   Section        0  stm32f10x_tim.o(i.TIM_SetCompare1)
    i.TIM_SetCompare2                        0x080022d0   Section        0  stm32f10x_tim.o(i.TIM_SetCompare2)
    i.TIM_SetCompare3                        0x080022d4   Section        0  stm32f10x_tim.o(i.TIM_SetCompare3)
    i.TIM_SetCompare4                        0x080022d8   Section        0  stm32f10x_tim.o(i.TIM_SetCompare4)
    i.TIM_TimeBaseInit                       0x080022e0   Section        0  stm32f10x_tim.o(i.TIM_TimeBaseInit)
    i.USART1_IRQHandler                      0x08002384   Section        0  usart.o(i.USART1_IRQHandler)
    i.USART_Cmd                              0x0800240c   Section        0  stm32f10x_usart.o(i.USART_Cmd)
    i.USART_GetITStatus                      0x08002424   Section        0  stm32f10x_usart.o(i.USART_GetITStatus)
    i.USART_ITConfig                         0x08002478   Section        0  stm32f10x_usart.o(i.USART_ITConfig)
    i.USART_Init                             0x080024c4   Section        0  stm32f10x_usart.o(i.USART_Init)
    i.USART_ReceiveData                      0x0800259c   Section        0  stm32f10x_usart.o(i.USART_ReceiveData)
    i.Update_attitude_Angle                  0x080025a8   Section        0  mpu9250.o(i.Update_attitude_Angle)
    i.UsageFault_Handler                     0x08002844   Section        0  stm32f10x_it.o(i.UsageFault_Handler)
    i.__0printf$bare                         0x08002848   Section        0  printfb.o(i.__0printf$bare)
    i.__ARM_fpclassify                       0x08002858   Section        0  fpclassify.o(i.__ARM_fpclassify)
    i.__kernel_poly                          0x08002880   Section        0  poly.o(i.__kernel_poly)
    i.__mathlib_dbl_infnan                   0x0800292a   Section        0  dunder.o(i.__mathlib_dbl_infnan)
    i.__mathlib_dbl_infnan2                  0x08002930   Section        0  dunder.o(i.__mathlib_dbl_infnan2)
    i.__mathlib_dbl_invalid                  0x08002934   Section        0  dunder.o(i.__mathlib_dbl_invalid)
    i.__mathlib_dbl_underflow                0x08002940   Section        0  dunder.o(i.__mathlib_dbl_underflow)
    i.__scatterload_copy                     0x08002950   Section       14  handlers.o(i.__scatterload_copy)
    i.__scatterload_null                     0x0800295e   Section        2  handlers.o(i.__scatterload_null)
    i.__scatterload_zeroinit                 0x08002960   Section       14  handlers.o(i.__scatterload_zeroinit)
    i.__set_errno                            0x08002970   Section        0  errno.o(i.__set_errno)
    i._printf_core                           0x0800297c   Section        0  printfb.o(i._printf_core)
    _printf_core                             0x0800297d   Thumb Code    34  printfb.o(i._printf_core)
    i.asin                                   0x080029a0   Section        0  asin.o(i.asin)
    i.atan                                   0x08002c10   Section        0  atan.o(i.atan)
    i.atan2                                  0x08002e30   Section        0  atan2.o(i.atan2)
    i.decode_gesture                         0x08002fb0   Section        0  inv_mpu_dmp_motion_driver.o(i.decode_gesture)
    decode_gesture                           0x08002fb1   Thumb Code    94  inv_mpu_dmp_motion_driver.o(i.decode_gesture)
    i.delay_init                             0x08003014   Section        0  delay.o(i.delay_init)
    i.delay_ms                               0x08003058   Section        0  delay.o(i.delay_ms)
    i.dmp_enable_6x_lp_quat                  0x080030a4   Section        0  inv_mpu_dmp_motion_driver.o(i.dmp_enable_6x_lp_quat)
    i.dmp_enable_feature                     0x080030e0   Section        0  inv_mpu_dmp_motion_driver.o(i.dmp_enable_feature)
    i.dmp_enable_gyro_cal                    0x080032fc   Section        0  inv_mpu_dmp_motion_driver.o(i.dmp_enable_gyro_cal)
    i.dmp_enable_lp_quat                     0x08003354   Section        0  inv_mpu_dmp_motion_driver.o(i.dmp_enable_lp_quat)
    i.dmp_load_motion_driver_firmware        0x08003390   Section        0  inv_mpu_dmp_motion_driver.o(i.dmp_load_motion_driver_firmware)
    i.dmp_read_fifo                          0x080033a8   Section        0  inv_mpu_dmp_motion_driver.o(i.dmp_read_fifo)
    i.dmp_set_accel_bias                     0x08003574   Section        0  inv_mpu_dmp_motion_driver.o(i.dmp_set_accel_bias)
    i.dmp_set_fifo_rate                      0x080036a4   Section        0  inv_mpu_dmp_motion_driver.o(i.dmp_set_fifo_rate)
    i.dmp_set_gyro_bias                      0x08003714   Section        0  inv_mpu_dmp_motion_driver.o(i.dmp_set_gyro_bias)
    i.dmp_set_orientation                    0x08003844   Section        0  inv_mpu_dmp_motion_driver.o(i.dmp_set_orientation)
    i.dmp_set_shake_reject_thresh            0x0800397c   Section        0  inv_mpu_dmp_motion_driver.o(i.dmp_set_shake_reject_thresh)
    i.dmp_set_shake_reject_time              0x080039b4   Section        0  inv_mpu_dmp_motion_driver.o(i.dmp_set_shake_reject_time)
    i.dmp_set_shake_reject_timeout           0x080039da   Section        0  inv_mpu_dmp_motion_driver.o(i.dmp_set_shake_reject_timeout)
    i.dmp_set_tap_axes                       0x08003a00   Section        0  inv_mpu_dmp_motion_driver.o(i.dmp_set_tap_axes)
    i.dmp_set_tap_count                      0x08003a46   Section        0  inv_mpu_dmp_motion_driver.o(i.dmp_set_tap_count)
    i.dmp_set_tap_thresh                     0x08003a6c   Section        0  inv_mpu_dmp_motion_driver.o(i.dmp_set_tap_thresh)
    i.dmp_set_tap_time                       0x08003c0c   Section        0  inv_mpu_dmp_motion_driver.o(i.dmp_set_tap_time)
    i.dmp_set_tap_time_multi                 0x08003c32   Section        0  inv_mpu_dmp_motion_driver.o(i.dmp_set_tap_time_multi)
    i.fputc                                  0x08003c58   Section        0  usart.o(i.fputc)
    i.get_ms                                 0x08003c74   Section        0  inv_mpu.o(i.get_ms)
    i.get_st_biases                          0x08003c78   Section        0  inv_mpu.o(i.get_st_biases)
    get_st_biases                            0x08003c79   Thumb Code  1132  inv_mpu.o(i.get_st_biases)
    i.i2cInit                                0x080040e8   Section        0  stm32_iic.o(i.i2cInit)
    i.i2cRead                                0x08004114   Section        0  stm32_iic.o(i.i2cRead)
    i.i2cWrite                               0x0800418c   Section        0  stm32_iic.o(i.i2cWrite)
    i.i2cWriteBuffer                         0x080041d4   Section        0  stm32_iic.o(i.i2cWriteBuffer)
    i.i2cread                                0x08004238   Section        0  stm32_iic.o(i.i2cread)
    i.i2cwrite                               0x0800425e   Section        0  stm32_iic.o(i.i2cwrite)
    i.inv_orientation_matrix_to_scalar       0x08004284   Section        0  mpu9250.o(i.inv_orientation_matrix_to_scalar)
    inv_orientation_matrix_to_scalar         0x08004285   Thumb Code    40  mpu9250.o(i.inv_orientation_matrix_to_scalar)
    i.inv_row_2_scale                        0x080042ac   Section        0  mpu9250.o(i.inv_row_2_scale)
    inv_row_2_scale                          0x080042ad   Thumb Code    78  mpu9250.o(i.inv_row_2_scale)
    i.main                                   0x080042fc   Section        0  main.o(i.main)
    i.mpu_configure_fifo                     0x0800438c   Section        0  inv_mpu.o(i.mpu_configure_fifo)
    i.mpu_get_accel_fsr                      0x080043fc   Section        0  inv_mpu.o(i.mpu_get_accel_fsr)
    i.mpu_get_accel_sens                     0x08004448   Section        0  inv_mpu.o(i.mpu_get_accel_sens)
    i.mpu_get_fifo_config                    0x0800449c   Section        0  inv_mpu.o(i.mpu_get_fifo_config)
    i.mpu_get_gyro_fsr                       0x080044ac   Section        0  inv_mpu.o(i.mpu_get_gyro_fsr)
    i.mpu_get_gyro_sens                      0x080044f0   Section        0  inv_mpu.o(i.mpu_get_gyro_sens)
    i.mpu_get_lpf                            0x08004540   Section        0  inv_mpu.o(i.mpu_get_lpf)
    i.mpu_get_sample_rate                    0x08004590   Section        0  inv_mpu.o(i.mpu_get_sample_rate)
    i.mpu_init                               0x080045b0   Section        0  inv_mpu.o(i.mpu_init)
    i.mpu_load_firmware                      0x080046d4   Section        0  inv_mpu.o(i.mpu_load_firmware)
    i.mpu_lp_accel_mode                      0x0800478c   Section        0  inv_mpu.o(i.mpu_lp_accel_mode)
    i.mpu_read_fifo_stream                   0x080048a8   Section        0  inv_mpu.o(i.mpu_read_fifo_stream)
    i.mpu_read_mem                           0x08004968   Section        0  inv_mpu.o(i.mpu_read_mem)
    i.mpu_reset_fifo                         0x080049e8   Section        0  inv_mpu.o(i.mpu_reset_fifo)
    i.mpu_run_self_test                      0x08004bb0   Section        0  inv_mpu.o(i.mpu_run_self_test)
    i.mpu_set_accel_fsr                      0x08004c5c   Section        0  inv_mpu.o(i.mpu_set_accel_fsr)
    i.mpu_set_bypass                         0x08004ce0   Section        0  inv_mpu.o(i.mpu_set_bypass)
    i.mpu_set_compass_sample_rate            0x08004e2c   Section        0  inv_mpu.o(i.mpu_set_compass_sample_rate)
    i.mpu_set_dmp_state                      0x08004e8c   Section        0  inv_mpu.o(i.mpu_set_dmp_state)
    i.mpu_set_gyro_fsr                       0x08004f1c   Section        0  inv_mpu.o(i.mpu_set_gyro_fsr)
    i.mpu_set_int_latched                    0x08004fa4   Section        0  inv_mpu.o(i.mpu_set_int_latched)
    i.mpu_set_lpf                            0x08005010   Section        0  inv_mpu.o(i.mpu_set_lpf)
    i.mpu_set_sample_rate                    0x08005094   Section        0  inv_mpu.o(i.mpu_set_sample_rate)
    i.mpu_set_sensors                        0x08005148   Section        0  inv_mpu.o(i.mpu_set_sensors)
    i.mpu_write_mem                          0x080052b0   Section        0  inv_mpu.o(i.mpu_write_mem)
    i.run_self_test                          0x08005330   Section        0  mpu9250.o(i.run_self_test)
    run_self_test                            0x08005331   Thumb Code   144  mpu9250.o(i.run_self_test)
    i.set_int_enable                         0x080053c0   Section        0  inv_mpu.o(i.set_int_enable)
    set_int_enable                           0x080053c1   Thumb Code   138  inv_mpu.o(i.set_int_enable)
    i.setup_compass                          0x08005450   Section        0  inv_mpu.o(i.setup_compass)
    setup_compass                            0x08005451   Thumb Code   570  inv_mpu.o(i.setup_compass)
    i.sqrt                                   0x080056a4   Section        0  sqrt.o(i.sqrt)
    i.uart_init                              0x080056f0   Section        0  usart.o(i.uart_init)
    .constdata                               0x08005790   Section       96  inv_mpu.o(.constdata)
    .constdata                               0x080057f0   Section     3062  inv_mpu_dmp_motion_driver.o(.constdata)
    dmp_memory                               0x080057f0   Data        3062  inv_mpu_dmp_motion_driver.o(.constdata)
    .constdata                               0x080063e6   Section       10  nrf24l01.o(.constdata)
    .constdata                               0x080063f0   Section       80  asin.o(.constdata)
    pS                                       0x080063f0   Data          48  asin.o(.constdata)
    qS                                       0x08006420   Data          32  asin.o(.constdata)
    .constdata                               0x08006440   Section      152  atan.o(.constdata)
    atanhi                                   0x08006440   Data          32  atan.o(.constdata)
    atanlo                                   0x08006460   Data          32  atan.o(.constdata)
    aTodd                                    0x08006480   Data          40  atan.o(.constdata)
    aTeven                                   0x080064a8   Data          48  atan.o(.constdata)
    .constdata                               0x080064d8   Section        8  qnan.o(.constdata)
    .data                                    0x20000000   Section       20  system_stm32f10x.o(.data)
    .data                                    0x20000014   Section       20  stm32f10x_rcc.o(.data)
    APBAHBPrescTable                         0x20000014   Data          16  stm32f10x_rcc.o(.data)
    ADCPrescTable                            0x20000024   Data           4  stm32f10x_rcc.o(.data)
    .data                                    0x20000028   Section        6  usart.o(.data)
    .data                                    0x20000030   Section       73  mpu9250.o(.data)
    gyro_orientation                         0x20000070   Data           9  mpu9250.o(.data)
    .data                                    0x2000007c   Section       56  inv_mpu.o(.data)
    st                                       0x2000007c   Data          56  inv_mpu.o(.data)
    .data                                    0x200000b4   Section        4  delay.o(.data)
    fac_us                                   0x200000b4   Data           1  delay.o(.data)
    fac_ms                                   0x200000b6   Data           2  delay.o(.data)
    .data                                    0x200000b8   Section       22  motion_control.o(.data)
    .data                                    0x200000d0   Section        4  errno.o(.data)
    _errno                                   0x200000d0   Data           4  errno.o(.data)
    .bss                                     0x200000d4   Section      200  usart.o(.bss)
    .bss                                     0x2000019c   Section       42  mpu9250.o(.bss)
    hal                                      0x200001b8   Data          14  mpu9250.o(.bss)
    .bss                                     0x200001c8   Section       16  inv_mpu_dmp_motion_driver.o(.bss)
    dmp                                      0x200001c8   Data          16  inv_mpu_dmp_motion_driver.o(.bss)
    .bss                                     0x200001d8   Section       18  spi.o(.bss)
    .bss                                     0x200001ec   Section     1124  motion_control.o(.bss)
    STACK                                    0x20000650   Section     1024  startup_stm32f10x_xl.o(STACK)

    Global Symbols

    Symbol Name                              Value     Ov Type        Size  Object(Section)

    BuildAttributes$$THM_ISAv4$P$D$K$B$S$PE$A:L22UL41UL21$X:L11$S22US41US21$IEEE1$IW$USESV6$~STKCKD$USESV7$~SHL$OTIME$ROPI$IEEEX$EBA8$MICROLIB$REQ8$PRES8$EABIv2 0x00000000   Number         0  anon$$obj.o ABSOLUTE
    __ARM_use_no_argv                        0x00000000   Number         0  main.o ABSOLUTE
    __use_no_errno                           0x00000000   Number         0  useno.o ABSOLUTE
    __use_no_exception_handling              0x00000000   Number         0  useno.o ABSOLUTE
    __use_no_fp                              0x00000000   Number         0  useno.o ABSOLUTE
    __use_no_heap                            0x00000000   Number         0  useno.o ABSOLUTE
    __use_no_heap_region                     0x00000000   Number         0  useno.o ABSOLUTE
    __use_no_semihosting                     0x00000000   Number         0  useno.o ABSOLUTE
    __use_no_semihosting_swi                 0x00000000   Number         0  useno.o ABSOLUTE
    __use_no_signal_handling                 0x00000000   Number         0  useno.o ABSOLUTE
    __cpp_initialize__aeabi_                  - Undefined Weak Reference
    __cxa_finalize                            - Undefined Weak Reference
    __decompress                              - Undefined Weak Reference
    _clock_init                               - Undefined Weak Reference
    _microlib_exit                            - Undefined Weak Reference
    __Vectors_Size                           0x00000130   Number         0  startup_stm32f10x_xl.o ABSOLUTE
    __Vectors                                0x08000000   Data           4  startup_stm32f10x_xl.o(RESET)
    __Vectors_End                            0x08000130   Data           0  startup_stm32f10x_xl.o(RESET)
    __main                                   0x08000131   Thumb Code     0  entry.o(.ARM.Collect$$$$00000000)
    _main_stk                                0x08000131   Thumb Code     0  entry2.o(.ARM.Collect$$$$00000001)
    _main_scatterload                        0x08000135   Thumb Code     0  entry5.o(.ARM.Collect$$$$00000004)
    __main_after_scatterload                 0x08000139   Thumb Code     0  entry5.o(.ARM.Collect$$$$00000004)
    _main_clock                              0x08000139   Thumb Code     0  entry7b.o(.ARM.Collect$$$$00000008)
    _main_cpp_init                           0x08000139   Thumb Code     0  entry8b.o(.ARM.Collect$$$$0000000A)
    _main_init                               0x08000139   Thumb Code     0  entry9a.o(.ARM.Collect$$$$0000000B)
    __rt_final_cpp                           0x08000141   Thumb Code     0  entry10a.o(.ARM.Collect$$$$0000000D)
    __rt_final_exit                          0x08000141   Thumb Code     0  entry11a.o(.ARM.Collect$$$$0000000F)
    Reset_Handler                            0x08000145   Thumb Code     8  startup_stm32f10x_xl.o(.text)
    SVC_Handler                              0x08000157   Thumb Code     2  startup_stm32f10x_xl.o(.text)
    PendSV_Handler                           0x0800015b   Thumb Code     2  startup_stm32f10x_xl.o(.text)
    ADC1_2_IRQHandler                        0x0800015f   Thumb Code     0  startup_stm32f10x_xl.o(.text)
    ADC3_IRQHandler                          0x0800015f   Thumb Code     0  startup_stm32f10x_xl.o(.text)
    CAN1_RX1_IRQHandler                      0x0800015f   Thumb Code     0  startup_stm32f10x_xl.o(.text)
    CAN1_SCE_IRQHandler                      0x0800015f   Thumb Code     0  startup_stm32f10x_xl.o(.text)
    DMA1_Channel1_IRQHandler                 0x0800015f   Thumb Code     0  startup_stm32f10x_xl.o(.text)
    DMA1_Channel2_IRQHandler                 0x0800015f   Thumb Code     0  startup_stm32f10x_xl.o(.text)
    DMA1_Channel3_IRQHandler                 0x0800015f   Thumb Code     0  startup_stm32f10x_xl.o(.text)
    DMA1_Channel4_IRQHandler                 0x0800015f   Thumb Code     0  startup_stm32f10x_xl.o(.text)
    DMA1_Channel5_IRQHandler                 0x0800015f   Thumb Code     0  startup_stm32f10x_xl.o(.text)
    DMA1_Channel6_IRQHandler                 0x0800015f   Thumb Code     0  startup_stm32f10x_xl.o(.text)
    DMA1_Channel7_IRQHandler                 0x0800015f   Thumb Code     0  startup_stm32f10x_xl.o(.text)
    DMA2_Channel1_IRQHandler                 0x0800015f   Thumb Code     0  startup_stm32f10x_xl.o(.text)
    DMA2_Channel2_IRQHandler                 0x0800015f   Thumb Code     0  startup_stm32f10x_xl.o(.text)
    DMA2_Channel3_IRQHandler                 0x0800015f   Thumb Code     0  startup_stm32f10x_xl.o(.text)
    DMA2_Channel4_5_IRQHandler               0x0800015f   Thumb Code     0  startup_stm32f10x_xl.o(.text)
    EXTI0_IRQHandler                         0x0800015f   Thumb Code     0  startup_stm32f10x_xl.o(.text)
    EXTI15_10_IRQHandler                     0x0800015f   Thumb Code     0  startup_stm32f10x_xl.o(.text)
    EXTI1_IRQHandler                         0x0800015f   Thumb Code     0  startup_stm32f10x_xl.o(.text)
    EXTI2_IRQHandler                         0x0800015f   Thumb Code     0  startup_stm32f10x_xl.o(.text)
    EXTI3_IRQHandler                         0x0800015f   Thumb Code     0  startup_stm32f10x_xl.o(.text)
    EXTI4_IRQHandler                         0x0800015f   Thumb Code     0  startup_stm32f10x_xl.o(.text)
    EXTI9_5_IRQHandler                       0x0800015f   Thumb Code     0  startup_stm32f10x_xl.o(.text)
    FLASH_IRQHandler                         0x0800015f   Thumb Code     0  startup_stm32f10x_xl.o(.text)
    FSMC_IRQHandler                          0x0800015f   Thumb Code     0  startup_stm32f10x_xl.o(.text)
    I2C1_ER_IRQHandler                       0x0800015f   Thumb Code     0  startup_stm32f10x_xl.o(.text)
    I2C1_EV_IRQHandler                       0x0800015f   Thumb Code     0  startup_stm32f10x_xl.o(.text)
    I2C2_ER_IRQHandler                       0x0800015f   Thumb Code     0  startup_stm32f10x_xl.o(.text)
    I2C2_EV_IRQHandler                       0x0800015f   Thumb Code     0  startup_stm32f10x_xl.o(.text)
    PVD_IRQHandler                           0x0800015f   Thumb Code     0  startup_stm32f10x_xl.o(.text)
    RCC_IRQHandler                           0x0800015f   Thumb Code     0  startup_stm32f10x_xl.o(.text)
    RTCAlarm_IRQHandler                      0x0800015f   Thumb Code     0  startup_stm32f10x_xl.o(.text)
    RTC_IRQHandler                           0x0800015f   Thumb Code     0  startup_stm32f10x_xl.o(.text)
    SDIO_IRQHandler                          0x0800015f   Thumb Code     0  startup_stm32f10x_xl.o(.text)
    SPI1_IRQHandler                          0x0800015f   Thumb Code     0  startup_stm32f10x_xl.o(.text)
    SPI2_IRQHandler                          0x0800015f   Thumb Code     0  startup_stm32f10x_xl.o(.text)
    SPI3_IRQHandler                          0x0800015f   Thumb Code     0  startup_stm32f10x_xl.o(.text)
    TAMPER_IRQHandler                        0x0800015f   Thumb Code     0  startup_stm32f10x_xl.o(.text)
    TIM1_BRK_TIM9_IRQHandler                 0x0800015f   Thumb Code     0  startup_stm32f10x_xl.o(.text)
    TIM1_CC_IRQHandler                       0x0800015f   Thumb Code     0  startup_stm32f10x_xl.o(.text)
    TIM1_TRG_COM_TIM11_IRQHandler            0x0800015f   Thumb Code     0  startup_stm32f10x_xl.o(.text)
    TIM1_UP_TIM10_IRQHandler                 0x0800015f   Thumb Code     0  startup_stm32f10x_xl.o(.text)
    TIM2_IRQHandler                          0x0800015f   Thumb Code     0  startup_stm32f10x_xl.o(.text)
    TIM3_IRQHandler                          0x0800015f   Thumb Code     0  startup_stm32f10x_xl.o(.text)
    TIM4_IRQHandler                          0x0800015f   Thumb Code     0  startup_stm32f10x_xl.o(.text)
    TIM5_IRQHandler                          0x0800015f   Thumb Code     0  startup_stm32f10x_xl.o(.text)
    TIM6_IRQHandler                          0x0800015f   Thumb Code     0  startup_stm32f10x_xl.o(.text)
    TIM7_IRQHandler                          0x0800015f   Thumb Code     0  startup_stm32f10x_xl.o(.text)
    TIM8_BRK_TIM12_IRQHandler                0x0800015f   Thumb Code     0  startup_stm32f10x_xl.o(.text)
    TIM8_CC_IRQHandler                       0x0800015f   Thumb Code     0  startup_stm32f10x_xl.o(.text)
    TIM8_TRG_COM_TIM14_IRQHandler            0x0800015f   Thumb Code     0  startup_stm32f10x_xl.o(.text)
    TIM8_UP_TIM13_IRQHandler                 0x0800015f   Thumb Code     0  startup_stm32f10x_xl.o(.text)
    UART4_IRQHandler                         0x0800015f   Thumb Code     0  startup_stm32f10x_xl.o(.text)
    UART5_IRQHandler                         0x0800015f   Thumb Code     0  startup_stm32f10x_xl.o(.text)
    USART2_IRQHandler                        0x0800015f   Thumb Code     0  startup_stm32f10x_xl.o(.text)
    USART3_IRQHandler                        0x0800015f   Thumb Code     0  startup_stm32f10x_xl.o(.text)
    USBWakeUp_IRQHandler                     0x0800015f   Thumb Code     0  startup_stm32f10x_xl.o(.text)
    USB_HP_CAN1_TX_IRQHandler                0x0800015f   Thumb Code     0  startup_stm32f10x_xl.o(.text)
    USB_LP_CAN1_RX0_IRQHandler               0x0800015f   Thumb Code     0  startup_stm32f10x_xl.o(.text)
    WWDG_IRQHandler                          0x0800015f   Thumb Code     0  startup_stm32f10x_xl.o(.text)
    __aeabi_ldivmod                          0x08000169   Thumb Code    98  ldiv.o(.text)
    __aeabi_memset                           0x080001cb   Thumb Code    14  memseta.o(.text)
    __aeabi_memset4                          0x080001cb   Thumb Code     0  memseta.o(.text)
    __aeabi_memset8                          0x080001cb   Thumb Code     0  memseta.o(.text)
    __aeabi_memclr                           0x080001d9   Thumb Code     4  memseta.o(.text)
    __aeabi_memclr4                          0x080001d9   Thumb Code     0  memseta.o(.text)
    __aeabi_memclr8                          0x080001d9   Thumb Code     0  memseta.o(.text)
    _memset$wrapper                          0x080001dd   Thumb Code    18  memseta.o(.text)
    memcmp                                   0x080001ef   Thumb Code    26  memcmp.o(.text)
    __aeabi_fadd                             0x08000209   Thumb Code   164  fadd.o(.text)
    __aeabi_fsub                             0x080002ad   Thumb Code     6  fadd.o(.text)
    __aeabi_frsub                            0x080002b3   Thumb Code     6  fadd.o(.text)
    __aeabi_fmul                             0x080002b9   Thumb Code   100  fmul.o(.text)
    __aeabi_fdiv                             0x0800031d   Thumb Code   124  fdiv.o(.text)
    __aeabi_dadd                             0x08000399   Thumb Code   322  dadd.o(.text)
    __aeabi_dsub                             0x080004db   Thumb Code     6  dadd.o(.text)
    __aeabi_drsub                            0x080004e1   Thumb Code     6  dadd.o(.text)
    __aeabi_dmul                             0x080004e7   Thumb Code   228  dmul.o(.text)
    __aeabi_ddiv                             0x080005cb   Thumb Code   222  ddiv.o(.text)
    __aeabi_i2f                              0x080006a9   Thumb Code    18  fflti.o(.text)
    __aeabi_ui2f                             0x080006bb   Thumb Code    10  ffltui.o(.text)
    __aeabi_i2d                              0x080006c5   Thumb Code    34  dflti.o(.text)
    __aeabi_f2iz                             0x080006e7   Thumb Code    50  ffixi.o(.text)
    __aeabi_f2uiz                            0x08000719   Thumb Code    40  ffixui.o(.text)
    __aeabi_f2d                              0x08000741   Thumb Code    38  f2d.o(.text)
    __aeabi_cdrcmple                         0x08000769   Thumb Code    48  cdrcmple.o(.text)
    __aeabi_d2f                              0x08000799   Thumb Code    56  d2f.o(.text)
    __aeabi_cfcmpeq                          0x080007d1   Thumb Code     0  cfcmple.o(.text)
    __aeabi_cfcmple                          0x080007d1   Thumb Code    20  cfcmple.o(.text)
    __aeabi_cfrcmple                         0x080007e5   Thumb Code    20  cfrcmple.o(.text)
    __aeabi_uldivmod                         0x080007f9   Thumb Code    98  uldiv.o(.text)
    __aeabi_llsl                             0x0800085b   Thumb Code    30  llshl.o(.text)
    _ll_shift_l                              0x0800085b   Thumb Code     0  llshl.o(.text)
    __aeabi_llsr                             0x08000879   Thumb Code    32  llushr.o(.text)
    _ll_ushift_r                             0x08000879   Thumb Code     0  llushr.o(.text)
    __aeabi_lasr                             0x08000899   Thumb Code    36  llsshr.o(.text)
    _ll_sshift_r                             0x08000899   Thumb Code     0  llsshr.o(.text)
    __I$use$fp                               0x080008bd   Thumb Code     0  iusefp.o(.text)
    _float_round                             0x080008bd   Thumb Code    18  fepilogue.o(.text)
    _float_epilogue                          0x080008cf   Thumb Code    92  fepilogue.o(.text)
    _double_round                            0x0800092b   Thumb Code    30  depilogue.o(.text)
    _double_epilogue                         0x08000949   Thumb Code   156  depilogue.o(.text)
    __ARM_scalbn                             0x080009e5   Thumb Code    46  dscalb.o(.text)
    scalbn                                   0x080009e5   Thumb Code     0  dscalb.o(.text)
    __scatterload                            0x08000a15   Thumb Code    28  init.o(.text)
    __scatterload_rt2                        0x08000a15   Thumb Code     0  init.o(.text)
    _dsqrt                                   0x08000a39   Thumb Code   162  dsqrt.o(.text)
    AngleControl                             0x08000add   Thumb Code   278  motion_control.o(i.AngleControl)
    BusFault_Handler                         0x08000c11   Thumb Code     4  stm32f10x_it.o(i.BusFault_Handler)
    DebugMon_Handler                         0x08000c15   Thumb Code     2  stm32f10x_it.o(i.DebugMon_Handler)
    Delayms                                  0x08000c17   Thumb Code    32  mpu9250.o(i.Delayms)
    ExpectAngleUpdate                        0x08000c39   Thumb Code   362  motion_control.o(i.ExpectAngleUpdate)
    GPIO_Init                                0x08000dcd   Thumb Code   278  stm32f10x_gpio.o(i.GPIO_Init)
    GPIO_ResetBits                           0x08000ee3   Thumb Code     4  stm32f10x_gpio.o(i.GPIO_ResetBits)
    GPIO_SetBits                             0x08000ee7   Thumb Code     4  stm32f10x_gpio.o(i.GPIO_SetBits)
    GyroControl                              0x08000eed   Thumb Code   340  motion_control.o(i.GyroControl)
    HardFault_Handler                        0x08001059   Thumb Code     4  stm32f10x_it.o(i.HardFault_Handler)
    Led_Init                                 0x08001259   Thumb Code    38  led.o(i.Led_Init)
    Led_Off                                  0x08001285   Thumb Code    12  led.o(i.Led_Off)
    Led_On                                   0x08001295   Thumb Code    12  led.o(i.Led_On)
    Limit_Amplitude                          0x080012a5   Thumb Code    24  motion_control.o(i.Limit_Amplitude)
    Median                                   0x080012bd   Thumb Code    96  motion_control.o(i.Median)
    MemManage_Handler                        0x0800131d   Thumb Code     4  stm32f10x_it.o(i.MemManage_Handler)
    Motion_Init                              0x08001321   Thumb Code   478  motion_control.o(i.Motion_Init)
    Motor_B                                  0x0800153d   Thumb Code    24  motion_control.o(i.Motor_B)
    Motor_F                                  0x08001555   Thumb Code    24  motion_control.o(i.Motor_F)
    Motor_L                                  0x0800156d   Thumb Code    24  motion_control.o(i.Motor_L)
    Motor_R                                  0x08001585   Thumb Code    24  motion_control.o(i.Motor_R)
    Move                                     0x0800159d   Thumb Code   114  motion_control.o(i.Move)
    Mpu_Init                                 0x08001629   Thumb Code    92  mpu9250.o(i.Mpu_Init)
    NMI_Handler                              0x08001689   Thumb Code     2  stm32f10x_it.o(i.NMI_Handler)
    NRF24L01_Check                           0x0800168d   Thumb Code    72  nrf24l01.o(i.NRF24L01_Check)
    NRF24L01_Init                            0x080016dd   Thumb Code   196  nrf24l01.o(i.NRF24L01_Init)
    NRF24L01_RX_Mode                         0x080017b5   Thumb Code    76  nrf24l01.o(i.NRF24L01_RX_Mode)
    NRF24L01_Read_Buf                        0x0800180d   Thumb Code    56  nrf24l01.o(i.NRF24L01_Read_Buf)
    NRF24L01_Read_Reg                        0x08001849   Thumb Code    36  nrf24l01.o(i.NRF24L01_Read_Reg)
    NRF24L01_RxPacket                        0x08001875   Thumb Code    58  nrf24l01.o(i.NRF24L01_RxPacket)
    NRF24L01_Write_Buf                       0x080018b1   Thumb Code    56  nrf24l01.o(i.NRF24L01_Write_Buf)
    NRF24L01_Write_Reg                       0x080018ed   Thumb Code    38  nrf24l01.o(i.NRF24L01_Write_Reg)
    NVIC_Init                                0x0800191d   Thumb Code   100  misc.o(i.NVIC_Init)
    NVIC_PriorityGroupConfig                 0x0800198d   Thumb Code    10  misc.o(i.NVIC_PriorityGroupConfig)
    RCC_APB1PeriphClockCmd                   0x080019a1   Thumb Code    26  stm32f10x_rcc.o(i.RCC_APB1PeriphClockCmd)
    RCC_APB2PeriphClockCmd                   0x080019c1   Thumb Code    26  stm32f10x_rcc.o(i.RCC_APB2PeriphClockCmd)
    RCC_GetClocksFreq                        0x080019e1   Thumb Code   192  stm32f10x_rcc.o(i.RCC_GetClocksFreq)
    Remote_Resolve                           0x08001ab5   Thumb Code   338  motion_control.o(i.Remote_Resolve)
    SPI1_Init                                0x08001c21   Thumb Code   108  spi.o(i.SPI1_Init)
    SPI1_ReadWriteByte                       0x08001c99   Thumb Code    78  spi.o(i.SPI1_ReadWriteByte)
    SPI1_SetSpeed                            0x08001ced   Thumb Code    34  spi.o(i.SPI1_SetSpeed)
    SPI_Cmd                                  0x08001d15   Thumb Code    24  stm32f10x_spi.o(i.SPI_Cmd)
    SPI_I2S_GetFlagStatus                    0x08001d2d   Thumb Code    18  stm32f10x_spi.o(i.SPI_I2S_GetFlagStatus)
    SPI_I2S_ReceiveData                      0x08001d3f   Thumb Code     6  stm32f10x_spi.o(i.SPI_I2S_ReceiveData)
    SPI_I2S_SendData                         0x08001d45   Thumb Code     4  stm32f10x_spi.o(i.SPI_I2S_SendData)
    SPI_Init                                 0x08001d49   Thumb Code    60  stm32f10x_spi.o(i.SPI_Init)
    SysTick_CLKSourceConfig                  0x08001e6d   Thumb Code    40  misc.o(i.SysTick_CLKSourceConfig)
    SysTick_Handler                          0x08001e95   Thumb Code     2  stm32f10x_it.o(i.SysTick_Handler)
    SystemInit                               0x08001e99   Thumb Code    78  system_stm32f10x.o(i.SystemInit)
    TIM_ARRPreloadConfig                     0x08001ef9   Thumb Code    24  stm32f10x_tim.o(i.TIM_ARRPreloadConfig)
    TIM_Cmd                                  0x08001f11   Thumb Code    24  stm32f10x_tim.o(i.TIM_Cmd)
    TIM_CtrlPWMOutputs                       0x08001f29   Thumb Code    30  stm32f10x_tim.o(i.TIM_CtrlPWMOutputs)
    TIM_OC1Init                              0x08001f49   Thumb Code   132  stm32f10x_tim.o(i.TIM_OC1Init)
    TIM_OC1PreloadConfig                     0x08001fe1   Thumb Code    18  stm32f10x_tim.o(i.TIM_OC1PreloadConfig)
    TIM_OC2Init                              0x08001ff5   Thumb Code   154  stm32f10x_tim.o(i.TIM_OC2Init)
    TIM_OC2PreloadConfig                     0x08002099   Thumb Code    26  stm32f10x_tim.o(i.TIM_OC2PreloadConfig)
    TIM_OC3Init                              0x080020b5   Thumb Code   150  stm32f10x_tim.o(i.TIM_OC3Init)
    TIM_OC3PreloadConfig                     0x08002155   Thumb Code    18  stm32f10x_tim.o(i.TIM_OC3PreloadConfig)
    TIM_OC4Init                              0x08002169   Thumb Code   114  stm32f10x_tim.o(i.TIM_OC4Init)
    TIM_OC4PreloadConfig                     0x080021e5   Thumb Code    26  stm32f10x_tim.o(i.TIM_OC4PreloadConfig)
    TIM_PWM_Init                             0x08002201   Thumb Code   200  pwm.o(i.TIM_PWM_Init)
    TIM_SetCompare1                          0x080022cd   Thumb Code     4  stm32f10x_tim.o(i.TIM_SetCompare1)
    TIM_SetCompare2                          0x080022d1   Thumb Code     4  stm32f10x_tim.o(i.TIM_SetCompare2)
    TIM_SetCompare3                          0x080022d5   Thumb Code     4  stm32f10x_tim.o(i.TIM_SetCompare3)
    TIM_SetCompare4                          0x080022d9   Thumb Code     6  stm32f10x_tim.o(i.TIM_SetCompare4)
    TIM_TimeBaseInit                         0x080022e1   Thumb Code   122  stm32f10x_tim.o(i.TIM_TimeBaseInit)
    USART1_IRQHandler                        0x08002385   Thumb Code   122  usart.o(i.USART1_IRQHandler)
    USART_Cmd                                0x0800240d   Thumb Code    24  stm32f10x_usart.o(i.USART_Cmd)
    USART_GetITStatus                        0x08002425   Thumb Code    84  stm32f10x_usart.o(i.USART_GetITStatus)
    USART_ITConfig                           0x08002479   Thumb Code    74  stm32f10x_usart.o(i.USART_ITConfig)
    USART_Init                               0x080024c5   Thumb Code   210  stm32f10x_usart.o(i.USART_Init)
    USART_ReceiveData                        0x0800259d   Thumb Code    10  stm32f10x_usart.o(i.USART_ReceiveData)
    Update_attitude_Angle                    0x080025a9   Thumb Code   608  mpu9250.o(i.Update_attitude_Angle)
    UsageFault_Handler                       0x08002845   Thumb Code     4  stm32f10x_it.o(i.UsageFault_Handler)
    __0printf$bare                           0x08002849   Thumb Code     8  printfb.o(i.__0printf$bare)
    __1printf$bare                           0x08002849   Thumb Code     0  printfb.o(i.__0printf$bare)
    __2printf                                0x08002849   Thumb Code     0  printfb.o(i.__0printf$bare)
    __ARM_fpclassify                         0x08002859   Thumb Code    40  fpclassify.o(i.__ARM_fpclassify)
    __kernel_poly                            0x08002881   Thumb Code   170  poly.o(i.__kernel_poly)
    __mathlib_dbl_infnan                     0x0800292b   Thumb Code     6  dunder.o(i.__mathlib_dbl_infnan)
    __mathlib_dbl_infnan2                    0x08002931   Thumb Code     4  dunder.o(i.__mathlib_dbl_infnan2)
    __mathlib_dbl_invalid                    0x08002935   Thumb Code    12  dunder.o(i.__mathlib_dbl_invalid)
    __mathlib_dbl_underflow                  0x08002941   Thumb Code    10  dunder.o(i.__mathlib_dbl_underflow)
    __scatterload_copy                       0x08002951   Thumb Code    14  handlers.o(i.__scatterload_copy)
    __scatterload_null                       0x0800295f   Thumb Code     2  handlers.o(i.__scatterload_null)
    __scatterload_zeroinit                   0x08002961   Thumb Code    14  handlers.o(i.__scatterload_zeroinit)
    __set_errno                              0x08002971   Thumb Code     6  errno.o(i.__set_errno)
    asin                                     0x080029a1   Thumb Code   572  asin.o(i.asin)
    atan                                     0x08002c11   Thumb Code   474  atan.o(i.atan)
    atan2                                    0x08002e31   Thumb Code   346  atan2.o(i.atan2)
    delay_init                               0x08003015   Thumb Code    50  delay.o(i.delay_init)
    delay_ms                                 0x08003059   Thumb Code    72  delay.o(i.delay_ms)
    dmp_enable_6x_lp_quat                    0x080030a5   Thumb Code    60  inv_mpu_dmp_motion_driver.o(i.dmp_enable_6x_lp_quat)
    dmp_enable_feature                       0x080030e1   Thumb Code   530  inv_mpu_dmp_motion_driver.o(i.dmp_enable_feature)
    dmp_enable_gyro_cal                      0x080032fd   Thumb Code    62  inv_mpu_dmp_motion_driver.o(i.dmp_enable_gyro_cal)
    dmp_enable_lp_quat                       0x08003355   Thumb Code    60  inv_mpu_dmp_motion_driver.o(i.dmp_enable_lp_quat)
    dmp_load_motion_driver_firmware          0x08003391   Thumb Code    20  inv_mpu_dmp_motion_driver.o(i.dmp_load_motion_driver_firmware)
    dmp_read_fifo                            0x080033a9   Thumb Code   456  inv_mpu_dmp_motion_driver.o(i.dmp_read_fifo)
    dmp_set_accel_bias                       0x08003575   Thumb Code   300  inv_mpu_dmp_motion_driver.o(i.dmp_set_accel_bias)
    dmp_set_fifo_rate                        0x080036a5   Thumb Code    96  inv_mpu_dmp_motion_driver.o(i.dmp_set_fifo_rate)
    dmp_set_gyro_bias                        0x08003715   Thumb Code   294  inv_mpu_dmp_motion_driver.o(i.dmp_set_gyro_bias)
    dmp_set_orientation                      0x08003845   Thumb Code   290  inv_mpu_dmp_motion_driver.o(i.dmp_set_orientation)
    dmp_set_shake_reject_thresh              0x0800397d   Thumb Code    56  inv_mpu_dmp_motion_driver.o(i.dmp_set_shake_reject_thresh)
    dmp_set_shake_reject_time                0x080039b5   Thumb Code    38  inv_mpu_dmp_motion_driver.o(i.dmp_set_shake_reject_time)
    dmp_set_shake_reject_timeout             0x080039db   Thumb Code    38  inv_mpu_dmp_motion_driver.o(i.dmp_set_shake_reject_timeout)
    dmp_set_tap_axes                         0x08003a01   Thumb Code    70  inv_mpu_dmp_motion_driver.o(i.dmp_set_tap_axes)
    dmp_set_tap_count                        0x08003a47   Thumb Code    38  inv_mpu_dmp_motion_driver.o(i.dmp_set_tap_count)
    dmp_set_tap_thresh                       0x08003a6d   Thumb Code   396  inv_mpu_dmp_motion_driver.o(i.dmp_set_tap_thresh)
    dmp_set_tap_time                         0x08003c0d   Thumb Code    38  inv_mpu_dmp_motion_driver.o(i.dmp_set_tap_time)
    dmp_set_tap_time_multi                   0x08003c33   Thumb Code    38  inv_mpu_dmp_motion_driver.o(i.dmp_set_tap_time_multi)
    fputc                                    0x08003c59   Thumb Code    24  usart.o(i.fputc)
    get_ms                                   0x08003c75   Thumb Code     2  inv_mpu.o(i.get_ms)
    i2cInit                                  0x080040e9   Thumb Code    38  stm32_iic.o(i.i2cInit)
    i2cRead                                  0x08004115   Thumb Code   120  stm32_iic.o(i.i2cRead)
    i2cWrite                                 0x0800418d   Thumb Code    72  stm32_iic.o(i.i2cWrite)
    i2cWriteBuffer                           0x080041d5   Thumb Code   100  stm32_iic.o(i.i2cWriteBuffer)
    i2cread                                  0x08004239   Thumb Code    38  stm32_iic.o(i.i2cread)
    i2cwrite                                 0x0800425f   Thumb Code    38  stm32_iic.o(i.i2cwrite)
    main                                     0x080042fd   Thumb Code   106  main.o(i.main)
    mpu_configure_fifo                       0x0800438d   Thumb Code   106  inv_mpu.o(i.mpu_configure_fifo)
    mpu_get_accel_fsr                        0x080043fd   Thumb Code    72  inv_mpu.o(i.mpu_get_accel_fsr)
    mpu_get_accel_sens                       0x08004449   Thumb Code    78  inv_mpu.o(i.mpu_get_accel_sens)
    mpu_get_fifo_config                      0x0800449d   Thumb Code    12  inv_mpu.o(i.mpu_get_fifo_config)
    mpu_get_gyro_fsr                         0x080044ad   Thumb Code    64  inv_mpu.o(i.mpu_get_gyro_fsr)
    mpu_get_gyro_sens                        0x080044f1   Thumb Code    58  inv_mpu.o(i.mpu_get_gyro_sens)
    mpu_get_lpf                              0x08004541   Thumb Code    74  inv_mpu.o(i.mpu_get_lpf)
    mpu_get_sample_rate                      0x08004591   Thumb Code    26  inv_mpu.o(i.mpu_get_sample_rate)
    mpu_init                                 0x080045b1   Thumb Code   286  inv_mpu.o(i.mpu_init)
    mpu_load_firmware                        0x080046d5   Thumb Code   180  inv_mpu.o(i.mpu_load_firmware)
    mpu_lp_accel_mode                        0x0800478d   Thumb Code   280  inv_mpu.o(i.mpu_lp_accel_mode)
    mpu_read_fifo_stream                     0x080048a9   Thumb Code   186  inv_mpu.o(i.mpu_read_fifo_stream)
    mpu_read_mem                             0x08004969   Thumb Code   122  inv_mpu.o(i.mpu_read_mem)
    mpu_reset_fifo                           0x080049e9   Thumb Code   450  inv_mpu.o(i.mpu_reset_fifo)
    mpu_run_self_test                        0x08004bb1   Thumb Code   168  inv_mpu.o(i.mpu_run_self_test)
    mpu_set_accel_fsr                        0x08004c5d   Thumb Code   126  inv_mpu.o(i.mpu_set_accel_fsr)
    mpu_set_bypass                           0x08004ce1   Thumb Code   328  inv_mpu.o(i.mpu_set_bypass)
    mpu_set_compass_sample_rate              0x08004e2d   Thumb Code    92  inv_mpu.o(i.mpu_set_compass_sample_rate)
    mpu_set_dmp_state                        0x08004e8d   Thumb Code   138  inv_mpu.o(i.mpu_set_dmp_state)
    mpu_set_gyro_fsr                         0x08004f1d   Thumb Code   132  inv_mpu.o(i.mpu_set_gyro_fsr)
    mpu_set_int_latched                      0x08004fa5   Thumb Code   102  inv_mpu.o(i.mpu_set_int_latched)
    mpu_set_lpf                              0x08005011   Thumb Code   126  inv_mpu.o(i.mpu_set_lpf)
    mpu_set_sample_rate                      0x08005095   Thumb Code   174  inv_mpu.o(i.mpu_set_sample_rate)
    mpu_set_sensors                          0x08005149   Thumb Code   354  inv_mpu.o(i.mpu_set_sensors)
    mpu_write_mem                            0x080052b1   Thumb Code   122  inv_mpu.o(i.mpu_write_mem)
    sqrt                                     0x080056a5   Thumb Code    76  sqrt.o(i.sqrt)
    uart_init                                0x080056f1   Thumb Code   152  usart.o(i.uart_init)
    reg                                      0x08005790   Data          42  inv_mpu.o(.constdata)
    hw                                       0x080057ba   Data          14  inv_mpu.o(.constdata)
    test                                     0x080057c8   Data          40  inv_mpu.o(.constdata)
    TX_ADDRESS                               0x080063e6   Data           5  nrf24l01.o(.constdata)
    RX_ADDRESS                               0x080063eb   Data           5  nrf24l01.o(.constdata)
    __mathlib_zero                           0x080064d8   Data           8  qnan.o(.constdata)
    Region$$Table$$Base                      0x080064e0   Number         0  anon$$obj.o(Region$$Table)
    Region$$Table$$Limit                     0x08006500   Number         0  anon$$obj.o(Region$$Table)
    SystemCoreClock                          0x20000000   Data           4  system_stm32f10x.o(.data)
    AHBPrescTable                            0x20000004   Data          16  system_stm32f10x.o(.data)
    __stdout                                 0x20000028   Data           4  usart.o(.data)
    USART_RX_STA                             0x2000002c   Data           2  usart.o(.data)
    Direction                                0x20000030   Data           2  mpu9250.o(.data)
    Pitch                                    0x20000034   Data           4  mpu9250.o(.data)
    Roll                                     0x20000038   Data           4  mpu9250.o(.data)
    Yaw                                      0x2000003c   Data           4  mpu9250.o(.data)
    T_X                                      0x20000040   Data           2  mpu9250.o(.data)
    T_Y                                      0x20000042   Data           2  mpu9250.o(.data)
    T_Z                                      0x20000044   Data           2  mpu9250.o(.data)
    sensor_timestamp                         0x20000048   Data           4  mpu9250.o(.data)
    more                                     0x2000004c   Data           1  mpu9250.o(.data)
    gyro                                     0x2000004e   Data           6  mpu9250.o(.data)
    accel                                    0x20000054   Data           6  mpu9250.o(.data)
    sensors                                  0x2000005a   Data           2  mpu9250.o(.data)
    rx_new                                   0x2000005c   Data           1  mpu9250.o(.data)
    q0                                       0x20000060   Data           4  mpu9250.o(.data)
    q1                                       0x20000064   Data           4  mpu9250.o(.data)
    q2                                       0x20000068   Data           4  mpu9250.o(.data)
    q3                                       0x2000006c   Data           4  mpu9250.o(.data)
    offset_f                                 0x200000b8   Data           2  motion_control.o(.data)
    offset_b                                 0x200000ba   Data           2  motion_control.o(.data)
    offset_l                                 0x200000bc   Data           2  motion_control.o(.data)
    offset_r                                 0x200000be   Data           2  motion_control.o(.data)
    remote_base                              0x200000c0   Data           2  motion_control.o(.data)
    remote_fb                                0x200000c2   Data           2  motion_control.o(.data)
    remote_lr                                0x200000c4   Data           2  motion_control.o(.data)
    remote_turn                              0x200000c6   Data           2  motion_control.o(.data)
    remote_mode                              0x200000c8   Data           4  motion_control.o(.data)
    median_i                                 0x200000cc   Data           1  motion_control.o(.data)
    mean_i                                   0x200000cd   Data           1  motion_control.o(.data)
    USART_RX_BUF                             0x200000d4   Data         200  usart.o(.bss)
    BUF                                      0x2000019c   Data          10  mpu9250.o(.bss)
    quat                                     0x200001a8   Data          16  mpu9250.o(.bss)
    SPI_InitStructure                        0x200001d8   Data          18  spi.o(.bss)
    Angle                                    0x200001ec   Data          96  motion_control.o(.bss)
    Gyro                                     0x2000024c   Data          96  motion_control.o(.bss)
    init                                     0x200002ac   Data          12  motion_control.o(.bss)
    tmp_buf                                  0x200002b8   Data          33  motion_control.o(.bss)
    median_filter                            0x200002dc   Data         284  motion_control.o(.bss)
    mean_filter_pitch                        0x200003f8   Data         200  motion_control.o(.bss)
    mean_filter_roll                         0x200004c0   Data         200  motion_control.o(.bss)
    mean_filter_yaw                          0x20000588   Data         200  motion_control.o(.bss)
    __initial_sp                             0x20000a50   Data           0  startup_stm32f10x_xl.o(STACK)



==============================================================================

Memory Map of the image

  Image Entry point : 0x08000131

  Load Region LR_IROM1 (Base: 0x08000000, Size: 0x000065d4, Max: 0x00040000, ABSOLUTE)

    Execution Region ER_IROM1 (Exec base: 0x08000000, Load base: 0x08000000, Size: 0x00006500, Max: 0x00040000, ABSOLUTE)

    Exec Addr    Load Addr    Size         Type   Attr      Idx    E Section Name        Object

    0x08000000   0x08000000   0x00000130   Data   RO            3    RESET               startup_stm32f10x_xl.o
    0x08000130   0x08000130   0x00000000   Code   RO         5173  * .ARM.Collect$$$$00000000  mc_w.l(entry.o)
    0x08000130   0x08000130   0x00000004   Code   RO         5517    .ARM.Collect$$$$00000001  mc_w.l(entry2.o)
    0x08000134   0x08000134   0x00000004   Code   RO         5520    .ARM.Collect$$$$00000004  mc_w.l(entry5.o)
    0x08000138   0x08000138   0x00000000   Code   RO         5522    .ARM.Collect$$$$00000008  mc_w.l(entry7b.o)
    0x08000138   0x08000138   0x00000000   Code   RO         5524    .ARM.Collect$$$$0000000A  mc_w.l(entry8b.o)
    0x08000138   0x08000138   0x00000008   Code   RO         5525    .ARM.Collect$$$$0000000B  mc_w.l(entry9a.o)
    0x08000140   0x08000140   0x00000000   Code   RO         5527    .ARM.Collect$$$$0000000D  mc_w.l(entry10a.o)
    0x08000140   0x08000140   0x00000000   Code   RO         5529    .ARM.Collect$$$$0000000F  mc_w.l(entry11a.o)
    0x08000140   0x08000140   0x00000004   Code   RO         5518    .ARM.Collect$$$$00002712  mc_w.l(entry2.o)
    0x08000144   0x08000144   0x00000024   Code   RO            4    .text               startup_stm32f10x_xl.o
    0x08000168   0x08000168   0x00000062   Code   RO         5176    .text               mc_w.l(ldiv.o)
    0x080001ca   0x080001ca   0x00000024   Code   RO         5180    .text               mc_w.l(memseta.o)
    0x080001ee   0x080001ee   0x0000001a   Code   RO         5182    .text               mc_w.l(memcmp.o)
    0x08000208   0x08000208   0x000000b0   Code   RO         5446    .text               mf_w.l(fadd.o)
    0x080002b8   0x080002b8   0x00000064   Code   RO         5448    .text               mf_w.l(fmul.o)
    0x0800031c   0x0800031c   0x0000007c   Code   RO         5450    .text               mf_w.l(fdiv.o)
    0x08000398   0x08000398   0x0000014e   Code   RO         5452    .text               mf_w.l(dadd.o)
    0x080004e6   0x080004e6   0x000000e4   Code   RO         5454    .text               mf_w.l(dmul.o)
    0x080005ca   0x080005ca   0x000000de   Code   RO         5456    .text               mf_w.l(ddiv.o)
    0x080006a8   0x080006a8   0x00000012   Code   RO         5458    .text               mf_w.l(fflti.o)
    0x080006ba   0x080006ba   0x0000000a   Code   RO         5460    .text               mf_w.l(ffltui.o)
    0x080006c4   0x080006c4   0x00000022   Code   RO         5462    .text               mf_w.l(dflti.o)
    0x080006e6   0x080006e6   0x00000032   Code   RO         5464    .text               mf_w.l(ffixi.o)
    0x08000718   0x08000718   0x00000028   Code   RO         5466    .text               mf_w.l(ffixui.o)
    0x08000740   0x08000740   0x00000026   Code   RO         5470    .text               mf_w.l(f2d.o)
    0x08000766   0x08000766   0x00000002   PAD
    0x08000768   0x08000768   0x00000030   Code   RO         5472    .text               mf_w.l(cdrcmple.o)
    0x08000798   0x08000798   0x00000038   Code   RO         5474    .text               mf_w.l(d2f.o)
    0x080007d0   0x080007d0   0x00000014   Code   RO         5476    .text               mf_w.l(cfcmple.o)
    0x080007e4   0x080007e4   0x00000014   Code   RO         5478    .text               mf_w.l(cfrcmple.o)
    0x080007f8   0x080007f8   0x00000062   Code   RO         5533    .text               mc_w.l(uldiv.o)
    0x0800085a   0x0800085a   0x0000001e   Code   RO         5535    .text               mc_w.l(llshl.o)
    0x08000878   0x08000878   0x00000020   Code   RO         5537    .text               mc_w.l(llushr.o)
    0x08000898   0x08000898   0x00000024   Code   RO         5539    .text               mc_w.l(llsshr.o)
    0x080008bc   0x080008bc   0x00000000   Code   RO         5548    .text               mc_w.l(iusefp.o)
    0x080008bc   0x080008bc   0x0000006e   Code   RO         5549    .text               mf_w.l(fepilogue.o)
    0x0800092a   0x0800092a   0x000000ba   Code   RO         5551    .text               mf_w.l(depilogue.o)
    0x080009e4   0x080009e4   0x0000002e   Code   RO         5553    .text               mf_w.l(dscalb.o)
    0x08000a12   0x08000a12   0x00000002   PAD
    0x08000a14   0x08000a14   0x00000024   Code   RO         5557    .text               mc_w.l(init.o)
    0x08000a38   0x08000a38   0x000000a2   Code   RO         5559    .text               mf_w.l(dsqrt.o)
    0x08000ada   0x08000ada   0x00000002   PAD
    0x08000adc   0x08000adc   0x00000134   Code   RO         4958    i.AngleControl      motion_control.o
    0x08000c10   0x08000c10   0x00000004   Code   RO         5104    i.BusFault_Handler  stm32f10x_it.o
    0x08000c14   0x08000c14   0x00000002   Code   RO         5105    i.DebugMon_Handler  stm32f10x_it.o
    0x08000c16   0x08000c16   0x00000020   Code   RO         4150    i.Delayms           mpu9250.o
    0x08000c36   0x08000c36   0x00000002   PAD
    0x08000c38   0x08000c38   0x00000194   Code   RO         4959    i.ExpectAngleUpdate  motion_control.o
    0x08000dcc   0x08000dcc   0x00000116   Code   RO         1347    i.GPIO_Init         stm32f10x_gpio.o
    0x08000ee2   0x08000ee2   0x00000004   Code   RO         1354    i.GPIO_ResetBits    stm32f10x_gpio.o
    0x08000ee6   0x08000ee6   0x00000004   Code   RO         1355    i.GPIO_SetBits      stm32f10x_gpio.o
    0x08000eea   0x08000eea   0x00000002   PAD
    0x08000eec   0x08000eec   0x0000016c   Code   RO         4960    i.GyroControl       motion_control.o
    0x08001058   0x08001058   0x00000004   Code   RO         5106    i.HardFault_Handler  stm32f10x_it.o
    0x0800105c   0x0800105c   0x00000034   Code   RO         4691    i.I2C_Ack           stm32_iic.o
    0x08001090   0x08001090   0x00000034   Code   RO         4692    i.I2C_NoAck         stm32_iic.o
    0x080010c4   0x080010c4   0x00000054   Code   RO         4693    i.I2C_ReceiveByte   stm32_iic.o
    0x08001118   0x08001118   0x00000054   Code   RO         4694    i.I2C_SendByte      stm32_iic.o
    0x0800116c   0x0800116c   0x00000058   Code   RO         4695    i.I2C_Start         stm32_iic.o
    0x080011c4   0x080011c4   0x00000034   Code   RO         4696    i.I2C_Stop          stm32_iic.o
    0x080011f8   0x080011f8   0x00000048   Code   RO         4697    i.I2C_WaitAck       stm32_iic.o
    0x08001240   0x08001240   0x00000016   Code   RO         4698    i.I2C_delay         stm32_iic.o
    0x08001256   0x08001256   0x00000002   PAD
    0x08001258   0x08001258   0x0000002c   Code   RO         4934    i.Led_Init          led.o
    0x08001284   0x08001284   0x00000010   Code   RO         4935    i.Led_Off           led.o
    0x08001294   0x08001294   0x00000010   Code   RO         4936    i.Led_On            led.o
    0x080012a4   0x080012a4   0x00000018   Code   RO         4961    i.Limit_Amplitude   motion_control.o
    0x080012bc   0x080012bc   0x00000060   Code   RO         4964    i.Median            motion_control.o
    0x0800131c   0x0800131c   0x00000004   Code   RO         5107    i.MemManage_Handler  stm32f10x_it.o
    0x08001320   0x08001320   0x0000021c   Code   RO         4965    i.Motion_Init       motion_control.o
    0x0800153c   0x0800153c   0x00000018   Code   RO         4966    i.Motor_B           motion_control.o
    0x08001554   0x08001554   0x00000018   Code   RO         4967    i.Motor_F           motion_control.o
    0x0800156c   0x0800156c   0x00000018   Code   RO         4968    i.Motor_L           motion_control.o
    0x08001584   0x08001584   0x00000018   Code   RO         4969    i.Motor_R           motion_control.o
    0x0800159c   0x0800159c   0x0000008c   Code   RO         4970    i.Move              motion_control.o
    0x08001628   0x08001628   0x00000060   Code   RO         4151    i.Mpu_Init          mpu9250.o
    0x08001688   0x08001688   0x00000002   Code   RO         5108    i.NMI_Handler       stm32f10x_it.o
    0x0800168a   0x0800168a   0x00000002   PAD
    0x0800168c   0x0800168c   0x00000050   Code   RO         4808    i.NRF24L01_Check    nrf24l01.o
    0x080016dc   0x080016dc   0x000000d8   Code   RO         4809    i.NRF24L01_Init     nrf24l01.o
    0x080017b4   0x080017b4   0x00000058   Code   RO         4810    i.NRF24L01_RX_Mode  nrf24l01.o
    0x0800180c   0x0800180c   0x0000003c   Code   RO         4811    i.NRF24L01_Read_Buf  nrf24l01.o
    0x08001848   0x08001848   0x0000002c   Code   RO         4812    i.NRF24L01_Read_Reg  nrf24l01.o
    0x08001874   0x08001874   0x0000003a   Code   RO         4813    i.NRF24L01_RxPacket  nrf24l01.o
    0x080018ae   0x080018ae   0x00000002   PAD
    0x080018b0   0x080018b0   0x0000003c   Code   RO         4816    i.NRF24L01_Write_Buf  nrf24l01.o
    0x080018ec   0x080018ec   0x00000030   Code   RO         4817    i.NRF24L01_Write_Reg  nrf24l01.o
    0x0800191c   0x0800191c   0x00000070   Code   RO          137    i.NVIC_Init         misc.o
    0x0800198c   0x0800198c   0x00000014   Code   RO          138    i.NVIC_PriorityGroupConfig  misc.o
    0x080019a0   0x080019a0   0x00000020   Code   RO         1775    i.RCC_APB1PeriphClockCmd  stm32f10x_rcc.o
    0x080019c0   0x080019c0   0x00000020   Code   RO         1777    i.RCC_APB2PeriphClockCmd  stm32f10x_rcc.o
    0x080019e0   0x080019e0   0x000000d4   Code   RO         1785    i.RCC_GetClocksFreq  stm32f10x_rcc.o
    0x08001ab4   0x08001ab4   0x0000016c   Code   RO         4971    i.Remote_Resolve    motion_control.o
    0x08001c20   0x08001c20   0x00000078   Code   RO         4883    i.SPI1_Init         spi.o
    0x08001c98   0x08001c98   0x00000054   Code   RO         4884    i.SPI1_ReadWriteByte  spi.o
    0x08001cec   0x08001cec   0x00000028   Code   RO         4885    i.SPI1_SetSpeed     spi.o
    0x08001d14   0x08001d14   0x00000018   Code   RO         2320    i.SPI_Cmd           stm32f10x_spi.o
    0x08001d2c   0x08001d2c   0x00000012   Code   RO         2328    i.SPI_I2S_GetFlagStatus  stm32f10x_spi.o
    0x08001d3e   0x08001d3e   0x00000006   Code   RO         2331    i.SPI_I2S_ReceiveData  stm32f10x_spi.o
    0x08001d44   0x08001d44   0x00000004   Code   RO         2332    i.SPI_I2S_SendData  stm32f10x_spi.o
    0x08001d48   0x08001d48   0x0000003c   Code   RO         2333    i.SPI_Init          stm32f10x_spi.o
    0x08001d84   0x08001d84   0x00000008   Code   RO           24    i.SetSysClock       system_stm32f10x.o
    0x08001d8c   0x08001d8c   0x000000e0   Code   RO           25    i.SetSysClockTo72   system_stm32f10x.o
    0x08001e6c   0x08001e6c   0x00000028   Code   RO          141    i.SysTick_CLKSourceConfig  misc.o
    0x08001e94   0x08001e94   0x00000002   Code   RO         5109    i.SysTick_Handler   stm32f10x_it.o
    0x08001e96   0x08001e96   0x00000002   PAD
    0x08001e98   0x08001e98   0x00000060   Code   RO           27    i.SystemInit        system_stm32f10x.o
    0x08001ef8   0x08001ef8   0x00000018   Code   RO         2466    i.TIM_ARRPreloadConfig  stm32f10x_tim.o
    0x08001f10   0x08001f10   0x00000018   Code   RO         2478    i.TIM_Cmd           stm32f10x_tim.o
    0x08001f28   0x08001f28   0x0000001e   Code   RO         2480    i.TIM_CtrlPWMOutputs  stm32f10x_tim.o
    0x08001f46   0x08001f46   0x00000002   PAD
    0x08001f48   0x08001f48   0x00000098   Code   RO         2507    i.TIM_OC1Init       stm32f10x_tim.o
    0x08001fe0   0x08001fe0   0x00000012   Code   RO         2510    i.TIM_OC1PreloadConfig  stm32f10x_tim.o
    0x08001ff2   0x08001ff2   0x00000002   PAD
    0x08001ff4   0x08001ff4   0x000000a4   Code   RO         2512    i.TIM_OC2Init       stm32f10x_tim.o
    0x08002098   0x08002098   0x0000001a   Code   RO         2515    i.TIM_OC2PreloadConfig  stm32f10x_tim.o
    0x080020b2   0x080020b2   0x00000002   PAD
    0x080020b4   0x080020b4   0x000000a0   Code   RO         2517    i.TIM_OC3Init       stm32f10x_tim.o
    0x08002154   0x08002154   0x00000012   Code   RO         2520    i.TIM_OC3PreloadConfig  stm32f10x_tim.o
    0x08002166   0x08002166   0x00000002   PAD
    0x08002168   0x08002168   0x0000007c   Code   RO         2522    i.TIM_OC4Init       stm32f10x_tim.o
    0x080021e4   0x080021e4   0x0000001a   Code   RO         2524    i.TIM_OC4PreloadConfig  stm32f10x_tim.o
    0x080021fe   0x080021fe   0x00000002   PAD
    0x08002200   0x08002200   0x000000cc   Code   RO         4910    i.TIM_PWM_Init      pwm.o
    0x080022cc   0x080022cc   0x00000004   Code   RO         2539    i.TIM_SetCompare1   stm32f10x_tim.o
    0x080022d0   0x080022d0   0x00000004   Code   RO         2540    i.TIM_SetCompare2   stm32f10x_tim.o
    0x080022d4   0x080022d4   0x00000004   Code   RO         2541    i.TIM_SetCompare3   stm32f10x_tim.o
    0x080022d8   0x080022d8   0x00000006   Code   RO         2542    i.TIM_SetCompare4   stm32f10x_tim.o
    0x080022de   0x080022de   0x00000002   PAD
    0x080022e0   0x080022e0   0x000000a4   Code   RO         2549    i.TIM_TimeBaseInit  stm32f10x_tim.o
    0x08002384   0x08002384   0x00000088   Code   RO         4078    i.USART1_IRQHandler  usart.o
    0x0800240c   0x0800240c   0x00000018   Code   RO         3017    i.USART_Cmd         stm32f10x_usart.o
    0x08002424   0x08002424   0x00000054   Code   RO         3021    i.USART_GetITStatus  stm32f10x_usart.o
    0x08002478   0x08002478   0x0000004a   Code   RO         3023    i.USART_ITConfig    stm32f10x_usart.o
    0x080024c2   0x080024c2   0x00000002   PAD
    0x080024c4   0x080024c4   0x000000d8   Code   RO         3024    i.USART_Init        stm32f10x_usart.o
    0x0800259c   0x0800259c   0x0000000a   Code   RO         3031    i.USART_ReceiveData  stm32f10x_usart.o
    0x080025a6   0x080025a6   0x00000002   PAD
    0x080025a8   0x080025a8   0x0000029c   Code   RO         4153    i.Update_attitude_Angle  mpu9250.o
    0x08002844   0x08002844   0x00000004   Code   RO         5110    i.UsageFault_Handler  stm32f10x_it.o
    0x08002848   0x08002848   0x00000010   Code   RO         5187    i.__0printf$bare    mc_w.l(printfb.o)
    0x08002858   0x08002858   0x00000028   Code   RO         5504    i.__ARM_fpclassify  m_ws.l(fpclassify.o)
    0x08002880   0x08002880   0x000000aa   Code   RO         5506    i.__kernel_poly     m_ws.l(poly.o)
    0x0800292a   0x0800292a   0x00000006   Code   RO         5491    i.__mathlib_dbl_infnan  m_ws.l(dunder.o)
    0x08002930   0x08002930   0x00000004   Code   RO         5492    i.__mathlib_dbl_infnan2  m_ws.l(dunder.o)
    0x08002934   0x08002934   0x0000000c   Code   RO         5493    i.__mathlib_dbl_invalid  m_ws.l(dunder.o)
    0x08002940   0x08002940   0x00000010   Code   RO         5496    i.__mathlib_dbl_underflow  m_ws.l(dunder.o)
    0x08002950   0x08002950   0x0000000e   Code   RO         5565    i.__scatterload_copy  mc_w.l(handlers.o)
    0x0800295e   0x0800295e   0x00000002   Code   RO         5566    i.__scatterload_null  mc_w.l(handlers.o)
    0x08002960   0x08002960   0x0000000e   Code   RO         5567    i.__scatterload_zeroinit  mc_w.l(handlers.o)
    0x0800296e   0x0800296e   0x00000002   PAD
    0x08002970   0x08002970   0x0000000c   Code   RO         5543    i.__set_errno       mc_w.l(errno.o)
    0x0800297c   0x0800297c   0x00000022   Code   RO         5194    i._printf_core      mc_w.l(printfb.o)
    0x0800299e   0x0800299e   0x00000002   PAD
    0x080029a0   0x080029a0   0x00000270   Code   RO         5156    i.asin              m_ws.l(asin.o)
    0x08002c10   0x08002c10   0x00000220   Code   RO         5481    i.atan              m_ws.l(atan.o)
    0x08002e30   0x08002e30   0x00000180   Code   RO         5166    i.atan2             m_ws.l(atan2.o)
    0x08002fb0   0x08002fb0   0x00000064   Code   RO         4509    i.decode_gesture    inv_mpu_dmp_motion_driver.o
    0x08003014   0x08003014   0x00000044   Code   RO         4779    i.delay_init        delay.o
    0x08003058   0x08003058   0x0000004c   Code   RO         4780    i.delay_ms          delay.o
    0x080030a4   0x080030a4   0x0000003c   Code   RO         4510    i.dmp_enable_6x_lp_quat  inv_mpu_dmp_motion_driver.o
    0x080030e0   0x080030e0   0x0000021c   Code   RO         4511    i.dmp_enable_feature  inv_mpu_dmp_motion_driver.o
    0x080032fc   0x080032fc   0x00000058   Code   RO         4512    i.dmp_enable_gyro_cal  inv_mpu_dmp_motion_driver.o
    0x08003354   0x08003354   0x0000003c   Code   RO         4513    i.dmp_enable_lp_quat  inv_mpu_dmp_motion_driver.o
    0x08003390   0x08003390   0x00000018   Code   RO         4518    i.dmp_load_motion_driver_firmware  inv_mpu_dmp_motion_driver.o
    0x080033a8   0x080033a8   0x000001cc   Code   RO         4519    i.dmp_read_fifo     inv_mpu_dmp_motion_driver.o
    0x08003574   0x08003574   0x00000130   Code   RO         4522    i.dmp_set_accel_bias  inv_mpu_dmp_motion_driver.o
    0x080036a4   0x080036a4   0x00000070   Code   RO         4523    i.dmp_set_fifo_rate  inv_mpu_dmp_motion_driver.o
    0x08003714   0x08003714   0x00000130   Code   RO         4524    i.dmp_set_gyro_bias  inv_mpu_dmp_motion_driver.o
    0x08003844   0x08003844   0x00000138   Code   RO         4526    i.dmp_set_orientation  inv_mpu_dmp_motion_driver.o
    0x0800397c   0x0800397c   0x00000038   Code   RO         4529    i.dmp_set_shake_reject_thresh  inv_mpu_dmp_motion_driver.o
    0x080039b4   0x080039b4   0x00000026   Code   RO         4530    i.dmp_set_shake_reject_time  inv_mpu_dmp_motion_driver.o
    0x080039da   0x080039da   0x00000026   Code   RO         4531    i.dmp_set_shake_reject_timeout  inv_mpu_dmp_motion_driver.o
    0x08003a00   0x08003a00   0x00000046   Code   RO         4532    i.dmp_set_tap_axes  inv_mpu_dmp_motion_driver.o
    0x08003a46   0x08003a46   0x00000026   Code   RO         4533    i.dmp_set_tap_count  inv_mpu_dmp_motion_driver.o
    0x08003a6c   0x08003a6c   0x000001a0   Code   RO         4534    i.dmp_set_tap_thresh  inv_mpu_dmp_motion_driver.o
    0x08003c0c   0x08003c0c   0x00000026   Code   RO         4535    i.dmp_set_tap_time  inv_mpu_dmp_motion_driver.o
    0x08003c32   0x08003c32   0x00000026   Code   RO         4536    i.dmp_set_tap_time_multi  inv_mpu_dmp_motion_driver.o
    0x08003c58   0x08003c58   0x0000001c   Code   RO         4080    i.fputc             usart.o
    0x08003c74   0x08003c74   0x00000002   Code   RO         4225    i.get_ms            inv_mpu.o
    0x08003c76   0x08003c76   0x00000002   PAD
    0x08003c78   0x08003c78   0x00000470   Code   RO         4226    i.get_st_biases     inv_mpu.o
    0x080040e8   0x080040e8   0x0000002c   Code   RO         4700    i.i2cInit           stm32_iic.o
    0x08004114   0x08004114   0x00000078   Code   RO         4701    i.i2cRead           stm32_iic.o
    0x0800418c   0x0800418c   0x00000048   Code   RO         4702    i.i2cWrite          stm32_iic.o
    0x080041d4   0x080041d4   0x00000064   Code   RO         4703    i.i2cWriteBuffer    stm32_iic.o
    0x08004238   0x08004238   0x00000026   Code   RO         4704    i.i2cread           stm32_iic.o
    0x0800425e   0x0800425e   0x00000026   Code   RO         4705    i.i2cwrite          stm32_iic.o
    0x08004284   0x08004284   0x00000028   Code   RO         4154    i.inv_orientation_matrix_to_scalar  mpu9250.o
    0x080042ac   0x080042ac   0x0000004e   Code   RO         4155    i.inv_row_2_scale   mpu9250.o
    0x080042fa   0x080042fa   0x00000002   PAD
    0x080042fc   0x080042fc   0x00000090   Code   RO         5077    i.main              main.o
    0x0800438c   0x0800438c   0x00000070   Code   RO         4227    i.mpu_configure_fifo  inv_mpu.o
    0x080043fc   0x080043fc   0x0000004c   Code   RO         4228    i.mpu_get_accel_fsr  inv_mpu.o
    0x08004448   0x08004448   0x00000054   Code   RO         4230    i.mpu_get_accel_sens  inv_mpu.o
    0x0800449c   0x0800449c   0x00000010   Code   RO         4235    i.mpu_get_fifo_config  inv_mpu.o
    0x080044ac   0x080044ac   0x00000044   Code   RO         4236    i.mpu_get_gyro_fsr  inv_mpu.o
    0x080044f0   0x080044f0   0x00000050   Code   RO         4238    i.mpu_get_gyro_sens  inv_mpu.o
    0x08004540   0x08004540   0x00000050   Code   RO         4240    i.mpu_get_lpf       inv_mpu.o
    0x08004590   0x08004590   0x00000020   Code   RO         4242    i.mpu_get_sample_rate  inv_mpu.o
    0x080045b0   0x080045b0   0x00000124   Code   RO         4244    i.mpu_init          inv_mpu.o
    0x080046d4   0x080046d4   0x000000b8   Code   RO         4245    i.mpu_load_firmware  inv_mpu.o
    0x0800478c   0x0800478c   0x0000011c   Code   RO         4246    i.mpu_lp_accel_mode  inv_mpu.o
    0x080048a8   0x080048a8   0x000000c0   Code   RO         4249    i.mpu_read_fifo_stream  inv_mpu.o
    0x08004968   0x08004968   0x00000080   Code   RO         4250    i.mpu_read_mem      inv_mpu.o
    0x080049e8   0x080049e8   0x000001c8   Code   RO         4253    i.mpu_reset_fifo    inv_mpu.o
    0x08004bb0   0x08004bb0   0x000000ac   Code   RO         4254    i.mpu_run_self_test  inv_mpu.o
    0x08004c5c   0x08004c5c   0x00000084   Code   RO         4256    i.mpu_set_accel_fsr  inv_mpu.o
    0x08004ce0   0x08004ce0   0x0000014c   Code   RO         4257    i.mpu_set_bypass    inv_mpu.o
    0x08004e2c   0x08004e2c   0x00000060   Code   RO         4258    i.mpu_set_compass_sample_rate  inv_mpu.o
    0x08004e8c   0x08004e8c   0x00000090   Code   RO         4259    i.mpu_set_dmp_state  inv_mpu.o
    0x08004f1c   0x08004f1c   0x00000088   Code   RO         4260    i.mpu_set_gyro_fsr  inv_mpu.o
    0x08004fa4   0x08004fa4   0x0000006c   Code   RO         4261    i.mpu_set_int_latched  inv_mpu.o
    0x08005010   0x08005010   0x00000084   Code   RO         4263    i.mpu_set_lpf       inv_mpu.o
    0x08005094   0x08005094   0x000000b4   Code   RO         4264    i.mpu_set_sample_rate  inv_mpu.o
    0x08005148   0x08005148   0x00000168   Code   RO         4265    i.mpu_set_sensors   inv_mpu.o
    0x080052b0   0x080052b0   0x00000080   Code   RO         4266    i.mpu_write_mem     inv_mpu.o
    0x08005330   0x08005330   0x00000090   Code   RO         4156    i.run_self_test     mpu9250.o
    0x080053c0   0x080053c0   0x00000090   Code   RO         4267    i.set_int_enable    inv_mpu.o
    0x08005450   0x08005450   0x00000254   Code   RO         4268    i.setup_compass     inv_mpu.o
    0x080056a4   0x080056a4   0x0000004c   Code   RO         5510    i.sqrt              m_ws.l(sqrt.o)
    0x080056f0   0x080056f0   0x000000a0   Code   RO         4081    i.uart_init         usart.o
    0x08005790   0x08005790   0x00000060   Data   RO         4269    .constdata          inv_mpu.o
    0x080057f0   0x080057f0   0x00000bf6   Data   RO         4538    .constdata          inv_mpu_dmp_motion_driver.o
    0x080063e6   0x080063e6   0x0000000a   Data   RO         4818    .constdata          nrf24l01.o
    0x080063f0   0x080063f0   0x00000050   Data   RO         5157    .constdata          m_ws.l(asin.o)
    0x08006440   0x08006440   0x00000098   Data   RO         5482    .constdata          m_ws.l(atan.o)
    0x080064d8   0x080064d8   0x00000008   Data   RO         5508    .constdata          m_ws.l(qnan.o)
    0x080064e0   0x080064e0   0x00000020   Data   RO         5563    Region$$Table       anon$$obj.o


    Execution Region RW_IRAM1 (Exec base: 0x20000000, Load base: 0x08006500, Size: 0x00000a50, Max: 0x0000c000, ABSOLUTE)

    Exec Addr    Load Addr    Size         Type   Attr      Idx    E Section Name        Object

    0x20000000   0x08006500   0x00000014   Data   RW           28    .data               system_stm32f10x.o
    0x20000014   0x08006514   0x00000014   Data   RW         1805    .data               stm32f10x_rcc.o
    0x20000028   0x08006528   0x00000006   Data   RW         4083    .data               usart.o
    0x2000002e   0x0800652e   0x00000002   PAD
    0x20000030   0x08006530   0x00000049   Data   RW         4158    .data               mpu9250.o
    0x20000079   0x08006579   0x00000003   PAD
    0x2000007c   0x0800657c   0x00000038   Data   RW         4270    .data               inv_mpu.o
    0x200000b4   0x080065b4   0x00000004   Data   RW         4782    .data               delay.o
    0x200000b8   0x080065b8   0x00000016   Data   RW         4974    .data               motion_control.o
    0x200000ce   0x080065ce   0x00000002   PAD
    0x200000d0   0x080065d0   0x00000004   Data   RW         5544    .data               mc_w.l(errno.o)
    0x200000d4        -       0x000000c8   Zero   RW         4082    .bss                usart.o
    0x2000019c        -       0x0000002a   Zero   RW         4157    .bss                mpu9250.o
    0x200001c6   0x080065d4   0x00000002   PAD
    0x200001c8        -       0x00000010   Zero   RW         4537    .bss                inv_mpu_dmp_motion_driver.o
    0x200001d8        -       0x00000012   Zero   RW         4886    .bss                spi.o
    0x200001ea   0x080065d4   0x00000002   PAD
    0x200001ec        -       0x00000464   Zero   RW         4973    .bss                motion_control.o
    0x20000650        -       0x00000400   Zero   RW            1    STACK               startup_stm32f10x_xl.o


==============================================================================

Image component sizes


      Code (inc. data)   RO Data    RW Data    ZI Data      Debug   Object Name

         0          0          0          0          0       4532   core_cm3.o
       144         22          0          4          0       1112   delay.o
      5882        202         96         56          0      25822   inv_mpu.o
      3096        122       3062          0         16      19782   inv_mpu_dmp_motion_driver.o
        76         14          0          0          0       1258   led.o
       144         38          0          0          0        515   main.o
       172         22          0          0          0     206613   misc.o
      2336        210          0         22       1124       8117   motion_control.o
      1058         64          0         73         42       5973   mpu9250.o
       654         66         10          0          0       5362   nrf24l01.o
       204          4          0          0          0        739   pwm.o
       244         24          0          0         18       1805   spi.o
        36          8        304          0       1024        808   startup_stm32f10x_xl.o
       918         40          0          0          0       7929   stm32_iic.o
         0          0          0          0          0       1652   stm32f10x_adc.o
       286          0          0          0          0      11180   stm32f10x_gpio.o
        22          0          0          0          0       2859   stm32f10x_it.o
       276         32          0         20          0      12934   stm32f10x_rcc.o
       112          0          0          0          0      10454   stm32f10x_spi.o
       948         92          0          0          0      29837   stm32f10x_tim.o
       408          6          0          0          0      10754   stm32f10x_usart.o
       328         28          0         20          0      52317   system_stm32f10x.o
       324         26          0          6        200       3496   usart.o

    ----------------------------------------------------------------------
     17700       1020       3504        208       2428     425850   Object Totals
         0          0         32          0          0          0   (incl. Generated)
        32          0          0          7          4          0   (incl. Padding)

    ----------------------------------------------------------------------

      Code (inc. data)   RO Data    RW Data    ZI Data      Debug   Library Member Name

       624         52         80          0          0        168   asin.o
       544         70        152          0          0        124   atan.o
       384         38          0          0          0        144   atan2.o
        38          6          0          0          0        272   dunder.o
        40          0          0          0          0         68   fpclassify.o
       170          0          0          0          0         96   poly.o
         0          0          8          0          0          0   qnan.o
        76          0          0          0          0         84   sqrt.o
         0          0          0          0          0          0   entry.o
         0          0          0          0          0          0   entry10a.o
         0          0          0          0          0          0   entry11a.o
         8          4          0          0          0          0   entry2.o
         4          0          0          0          0          0   entry5.o
         0          0          0          0          0          0   entry7b.o
         0          0          0          0          0          0   entry8b.o
         8          4          0          0          0          0   entry9a.o
        12          6          0          4          0         68   errno.o
        30          0          0          0          0          0   handlers.o
        36          8          0          0          0         68   init.o
         0          0          0          0          0          0   iusefp.o
        98          0          0          0          0         84   ldiv.o
        30          0          0          0          0         68   llshl.o
        36          0          0          0          0         68   llsshr.o
        32          0          0          0          0         68   llushr.o
        26          0          0          0          0         80   memcmp.o
        36          0          0          0          0        108   memseta.o
        50          8          0          0          0        152   printfb.o
        98          0          0          0          0         92   uldiv.o
        48          0          0          0          0         68   cdrcmple.o
        20          0          0          0          0         68   cfcmple.o
        20          0          0          0          0         68   cfrcmple.o
        56          0          0          0          0         88   d2f.o
       334          0          0          0          0        148   dadd.o
       222          0          0          0          0        100   ddiv.o
       186          0          0          0          0        176   depilogue.o
        34          0          0          0          0         76   dflti.o
       228          0          0          0          0         96   dmul.o
        46          0          0          0          0         80   dscalb.o
       162          0          0          0          0        100   dsqrt.o
        38          0          0          0          0         68   f2d.o
       176          0          0          0          0        140   fadd.o
       124          0          0          0          0         88   fdiv.o
       110          0          0          0          0        168   fepilogue.o
        50          0          0          0          0         68   ffixi.o
        40          0          0          0          0         68   ffixui.o
        18          0          0          0          0         68   fflti.o
        10          0          0          0          0         68   ffltui.o
       100          0          0          0          0         76   fmul.o

    ----------------------------------------------------------------------
      4412        196        240          4          0       3692   Library Totals
        10          0          0          0          0          0   (incl. Padding)

    ----------------------------------------------------------------------

      Code (inc. data)   RO Data    RW Data    ZI Data      Debug   Library Name

      1876        166        240          0          0        956   m_ws.l
       504         30          0          4          0        856   mc_w.l
      2022          0          0          0          0       1880   mf_w.l

    ----------------------------------------------------------------------
      4412        196        240          4          0       3692   Library Totals

    ----------------------------------------------------------------------

==============================================================================


      Code (inc. data)   RO Data    RW Data    ZI Data      Debug   

     22112       1216       3744        212       2428     420386   Grand Totals
     22112       1216       3744        212       2428     420386   ELF Image Totals
     22112       1216       3744        212          0          0   ROM Totals

==============================================================================

    Total RO  Size (Code + RO Data)                25856 (  25.25kB)
    Total RW  Size (RW Data + ZI Data)              2640 (   2.58kB)
    Total ROM Size (Code + RO Data + RW Data)      26068 (  25.46kB)

==============================================================================

